#-----------------------------------------------------------
# Vivado v2018.3 (64-bit)
# SW Build 2405991 on Thu Dec  6 23:38:27 MST 2018
# IP Build 2404404 on Fri Dec  7 01:43:56 MST 2018
# Start of session at: Mon Jan 22 21:55:13 2024
# Process ID: 27220
# Current directory: C:/Users/sebas/Desktop/Coding/Git Repos/ECE532/Warmup_Demo_Group_Task/Warmup_Demo_Hardware/HW
# Command line: vivado.exe -gui_launcher_event rodinguilauncherevent9648 C:\Users\sebas\Desktop\Coding\Git Repos\ECE532\Warmup_Demo_Group_Task\Warmup_Demo_Hardware\HW\HW.xpr
# Log file: C:/Users/sebas/Desktop/Coding/Git Repos/ECE532/Warmup_Demo_Group_Task/Warmup_Demo_Hardware/HW/vivado.log
# Journal file: C:/Users/sebas/Desktop/Coding/Git Repos/ECE532/Warmup_Demo_Group_Task/Warmup_Demo_Hardware/HW\vivado.jou
#-----------------------------------------------------------
start_gui
open_project {C:/Users/sebas/Desktop/Coding/Git Repos/ECE532/Warmup_Demo_Group_Task/Warmup_Demo_Hardware/HW/HW.xpr}
update_compile_order -fileset sources_1
launch_runs synth_1 -jobs 8
