03:06:48 **** Build of project SW_bsp ****
make -k all 
"Running Make include in microblaze_0/libsrc/bram_v4_2/src"
make -C microblaze_0/libsrc/bram_v4_2/src -s include  "SHELL=CMD" "COMPILER=mb-gcc" "ARCHIVER=mb-ar" "COMPILER_FLAGS=  -O2 -c -mcpu=v11.0 -mlittle-endian -mxl-soft-mul" "EXTRA_COMPILER_FLAGS=-ffunction-sections -fdata-sections -Wall -Wextra"
"Running Make include in microblaze_0/libsrc/cpu_v2_8/src"
make -C microblaze_0/libsrc/cpu_v2_8/src -s include  "SHELL=CMD" "COMPILER=mb-gcc" "ARCHIVER=mb-ar" "COMPILER_FLAGS=  -O2 -c -mcpu=v11.0 -mlittle-endian -mxl-soft-mul" "EXTRA_COMPILER_FLAGS=-ffunction-sections -fdata-sections -Wall -Wextra"
"Running Make include in microblaze_0/libsrc/gpio_v4_3/src"
make -C microblaze_0/libsrc/gpio_v4_3/src -s include  "SHELL=CMD" "COMPILER=mb-gcc" "ARCHIVER=mb-ar" "COMPILER_FLAGS=  -O2 -c -mcpu=v11.0 -mlittle-endian -mxl-soft-mul" "EXTRA_COMPILER_FLAGS=-ffunction-sections -fdata-sections -Wall -Wextra"
"Running Make include in microblaze_0/libsrc/intc_v3_8/src"
make -C microblaze_0/libsrc/intc_v3_8/src -s include  "SHELL=CMD" "COMPILER=mb-gcc" "ARCHIVER=mb-ar" "COMPILER_FLAGS=  -O2 -c -mcpu=v11.0 -mlittle-endian -mxl-soft-mul" "EXTRA_COMPILER_FLAGS=-ffunction-sections -fdata-sections -Wall -Wextra"
"Running Make include in microblaze_0/libsrc/standalone_v6_8/src"
make -C microblaze_0/libsrc/standalone_v6_8/src -s include  "SHELL=CMD" "COMPILER=mb-gcc" "ARCHIVER=mb-ar" "COMPILER_FLAGS=  -O2 -c -mcpu=v11.0 -mlittle-endian -mxl-soft-mul" "EXTRA_COMPILER_FLAGS=-ffunction-sections -fdata-sections -Wall -Wextra"
"Running Make include in microblaze_0/libsrc/tmrctr_v4_5/src"
make -C microblaze_0/libsrc/tmrctr_v4_5/src -s include  "SHELL=CMD" "COMPILER=mb-gcc" "ARCHIVER=mb-ar" "COMPILER_FLAGS=  -O2 -c -mcpu=v11.0 -mlittle-endian -mxl-soft-mul" "EXTRA_COMPILER_FLAGS=-ffunction-sections -fdata-sections -Wall -Wextra"
"Running Make include in microblaze_0/libsrc/uartlite_v3_2/src"
make -C microblaze_0/libsrc/uartlite_v3_2/src -s include  "SHELL=CMD" "COMPILER=mb-gcc" "ARCHIVER=mb-ar" "COMPILER_FLAGS=  -O2 -c -mcpu=v11.0 -mlittle-endian -mxl-soft-mul" "EXTRA_COMPILER_FLAGS=-ffunction-sections -fdata-sections -Wall -Wextra"
"Running Make libs in microblaze_0/libsrc/bram_v4_2/src"
make -C microblaze_0/libsrc/bram_v4_2/src -s libs  "SHELL=CMD" "COMPILER=mb-gcc" "ARCHIVER=mb-ar" "COMPILER_FLAGS=  -O2 -c -mcpu=v11.0 -mlittle-endian -mxl-soft-mul" "EXTRA_COMPILER_FLAGS=-ffunction-sections -fdata-sections -Wall -Wextra"
"Compiling bram"
mb-ar: creating ../../../lib/libxil.a
"Running Make libs in microblaze_0/libsrc/cpu_v2_8/src"
make -C microblaze_0/libsrc/cpu_v2_8/src -s libs  "SHELL=CMD" "COMPILER=mb-gcc" "ARCHIVER=mb-ar" "COMPILER_FLAGS=  -O2 -c -mcpu=v11.0 -mlittle-endian -mxl-soft-mul" "EXTRA_COMPILER_FLAGS=-ffunction-sections -fdata-sections -Wall -Wextra"
"Compiling cpu"
"Running Make libs in microblaze_0/libsrc/gpio_v4_3/src"
make -C microblaze_0/libsrc/gpio_v4_3/src -s libs  "SHELL=CMD" "COMPILER=mb-gcc" "ARCHIVER=mb-ar" "COMPILER_FLAGS=  -O2 -c -mcpu=v11.0 -mlittle-endian -mxl-soft-mul" "EXTRA_COMPILER_FLAGS=-ffunction-sections -fdata-sections -Wall -Wextra"
"Compiling gpio"
"Running Make libs in microblaze_0/libsrc/intc_v3_8/src"
make -C microblaze_0/libsrc/intc_v3_8/src -s libs  "SHELL=CMD" "COMPILER=mb-gcc" "ARCHIVER=mb-ar" "COMPILER_FLAGS=  -O2 -c -mcpu=v11.0 -mlittle-endian -mxl-soft-mul" "EXTRA_COMPILER_FLAGS=-ffunction-sections -fdata-sections -Wall -Wextra"
"Compiling intc"
"Running Make libs in microblaze_0/libsrc/standalone_v6_8/src"
make -C microblaze_0/libsrc/standalone_v6_8/src -s libs  "SHELL=CMD" "COMPILER=mb-gcc" "ARCHIVER=mb-ar" "COMPILER_FLAGS=  -O2 -c -mcpu=v11.0 -mlittle-endian -mxl-soft-mul" "EXTRA_COMPILER_FLAGS=-ffunction-sections -fdata-sections -Wall -Wextra"
"Compiling standalone";
microblaze_sleep.c:77:9: note: #pragma message: For the sleep routines, assembly instructions are used
 #pragma message ("For the sleep routines, assembly instructions are used")
         ^~~~~~~
"Running Make libs in microblaze_0/libsrc/tmrctr_v4_5/src"
make -C microblaze_0/libsrc/tmrctr_v4_5/src -s libs  "SHELL=CMD" "COMPILER=mb-gcc" "ARCHIVER=mb-ar" "COMPILER_FLAGS=  -O2 -c -mcpu=v11.0 -mlittle-endian -mxl-soft-mul" "EXTRA_COMPILER_FLAGS=-ffunction-sections -fdata-sections -Wall -Wextra"
"Compiling tmrctr"
"Running Make libs in microblaze_0/libsrc/uartlite_v3_2/src"
make -C microblaze_0/libsrc/uartlite_v3_2/src -s libs  "SHELL=CMD" "COMPILER=mb-gcc" "ARCHIVER=mb-ar" "COMPILER_FLAGS=  -O2 -c -mcpu=v11.0 -mlittle-endian -mxl-soft-mul" "EXTRA_COMPILER_FLAGS=-ffunction-sections -fdata-sections -Wall -Wextra"
"Compiling uartlite"
'Finished building libraries'
03:06:57 **** Build of configuration Debug for project SW ****
make all 
'Building file: ../src/testperiph.c'
'Invoking: MicroBlaze gcc compiler'
mb-gcc -Wall -O0 -g3 -c -fmessage-length=0 -MT"src/testperiph.o" -I../../SW_bsp/microblaze_0/include -mlittle-endian -mcpu=v11.0 -mxl-soft-mul -Wl,--no-relax -ffunction-sections -fdata-sections -MMD -MP -MF"src/testperiph.d" -MT"src/testperiph.o" -o "src/testperiph.o" "../src/testperiph.c"
'Finished building: ../src/testperiph.c'
' '
'Building file: ../src/xgpio_tapp_example.c'
'Invoking: MicroBlaze gcc compiler'
mb-gcc -Wall -O0 -g3 -c -fmessage-length=0 -MT"src/xgpio_tapp_example.o" -I../../SW_bsp/microblaze_0/include -mlittle-endian -mcpu=v11.0 -mxl-soft-mul -Wl,--no-relax -ffunction-sections -fdata-sections -MMD -MP -MF"src/xgpio_tapp_example.d" -MT"src/xgpio_tapp_example.o" -o "src/xgpio_tapp_example.o" "../src/xgpio_tapp_example.c"
'Finished building: ../src/xgpio_tapp_example.c'
' '
'Building file: ../src/xintc_tapp_example.c'
'Invoking: MicroBlaze gcc compiler'
mb-gcc -Wall -O0 -g3 -c -fmessage-length=0 -MT"src/xintc_tapp_example.o" -I../../SW_bsp/microblaze_0/include -mlittle-endian -mcpu=v11.0 -mxl-soft-mul -Wl,--no-relax -ffunction-sections -fdata-sections -MMD -MP -MF"src/xintc_tapp_example.d" -MT"src/xintc_tapp_example.o" -o "src/xintc_tapp_example.o" "../src/xintc_tapp_example.c"
'Finished building: ../src/xintc_tapp_example.c'
' '
'Building file: ../src/xtmrctr_intr_example.c'
'Invoking: MicroBlaze gcc compiler'
mb-gcc -Wall -O0 -g3 -c -fmessage-length=0 -MT"src/xtmrctr_intr_example.o" -I../../SW_bsp/microblaze_0/include -mlittle-endian -mcpu=v11.0 -mxl-soft-mul -Wl,--no-relax -ffunction-sections -fdata-sections -MMD -MP -MF"src/xtmrctr_intr_example.d" -MT"src/xtmrctr_intr_example.o" -o "src/xtmrctr_intr_example.o" "../src/xtmrctr_intr_example.c"
'Finished building: ../src/xtmrctr_intr_example.c'
' '
'Building file: ../src/xtmrctr_selftest_example.c'
'Invoking: MicroBlaze gcc compiler'
mb-gcc -Wall -O0 -g3 -c -fmessage-length=0 -MT"src/xtmrctr_selftest_example.o" -I../../SW_bsp/microblaze_0/include -mlittle-endian -mcpu=v11.0 -mxl-soft-mul -Wl,--no-relax -ffunction-sections -fdata-sections -MMD -MP -MF"src/xtmrctr_selftest_example.d" -MT"src/xtmrctr_selftest_example.o" -o "src/xtmrctr_selftest_example.o" "../src/xtmrctr_selftest_example.c"
'Finished building: ../src/xtmrctr_selftest_example.c'
' '
'Building target: SW.elf'
'Invoking: MicroBlaze gcc linker'
mb-gcc -Wl,-T -Wl,../src/lscript.ld -L../../SW_bsp/microblaze_0/lib -mlittle-endian -mcpu=v11.0 -mxl-soft-mul -Wl,--no-relax -Wl,--gc-sections -o "SW.elf"  ./src/testperiph.o ./src/xgpio_tapp_example.o ./src/xintc_tapp_example.o ./src/xtmrctr_intr_example.o ./src/xtmrctr_selftest_example.o   -Wl,--start-group,-lxil,-lgcc,-lc,--end-group
'Finished building target: SW.elf'
' '
'Invoking: MicroBlaze Print Size'
mb-size SW.elf  |tee "SW.elf.size"
   text	   data	    bss	    dec	    hex	filename
  17008	    412	   3412	  20832	   5160	SW.elf
'Finished building: SW.elf.size'
' '
03:09:58 **** Auto Build of configuration Debug for project SW ****
make all 
'Building file: ../src/testperiph.c'
'Invoking: MicroBlaze gcc compiler'
mb-gcc -Wall -O0 -g3 -c -fmessage-length=0 -MT"src/testperiph.o" -I../../SW_bsp/microblaze_0/include -mlittle-endian -mcpu=v11.0 -mxl-soft-mul -Wl,--no-relax -ffunction-sections -fdata-sections -MMD -MP -MF"src/testperiph.d" -MT"src/testperiph.o" -o "src/testperiph.o" "../src/testperiph.c"
'Finished building: ../src/testperiph.c'
' '
'Building target: SW.elf'
'Invoking: MicroBlaze gcc linker'
mb-gcc -Wl,-T -Wl,../src/lscript.ld -L../../SW_bsp/microblaze_0/lib -mlittle-endian -mcpu=v11.0 -mxl-soft-mul -Wl,--no-relax -Wl,--gc-sections -o "SW.elf"  ./src/testperiph.o ./src/xgpio_tapp_example.o ./src/xintc_tapp_example.o ./src/xtmrctr_intr_example.o ./src/xtmrctr_selftest_example.o   -Wl,--start-group,-lxil,-lgcc,-lc,--end-group
'Finished building target: SW.elf'
' '
'Invoking: MicroBlaze Print Size'
mb-size SW.elf  |tee "SW.elf.size"
   text	   data	    bss	    dec	    hex	filename
   2380	    320	   3108	   5808	   16b0	SW.elf
'Finished building: SW.elf.size'
' '
03:11:06 **** Auto Build of configuration Debug for project SW ****
make all 
'Building file: ../src/testperiph.c'
'Invoking: MicroBlaze gcc compiler'
mb-gcc -Wall -O0 -g3 -c -fmessage-length=0 -MT"src/testperiph.o" -I../../SW_bsp/microblaze_0/include -mlittle-endian -mcpu=v11.0 -mxl-soft-mul -Wl,--no-relax -ffunction-sections -fdata-sections -MMD -MP -MF"src/testperiph.d" -MT"src/testperiph.o" -o "src/testperiph.o" "../src/testperiph.c"
'Finished building: ../src/testperiph.c'
' '
'Building target: SW.elf'
'Invoking: MicroBlaze gcc linker'
mb-gcc -Wl,-T -Wl,../src/lscript.ld -L../../SW_bsp/microblaze_0/lib -mlittle-endian -mcpu=v11.0 -mxl-soft-mul -Wl,--no-relax -Wl,--gc-sections -o "SW.elf"  ./src/testperiph.o ./src/xgpio_tapp_example.o ./src/xintc_tapp_example.o ./src/xtmrctr_intr_example.o ./src/xtmrctr_selftest_example.o   -Wl,--start-group,-lxil,-lgcc,-lc,--end-group
'Finished building target: SW.elf'
' '
'Invoking: MicroBlaze Print Size'
mb-size SW.elf  |tee "SW.elf.size"
   text	   data	    bss	    dec	    hex	filename
   2380	    320	   3108	   5808	   16b0	SW.elf
'Finished building: SW.elf.size'
' '
03:14:02 **** Auto Build of configuration Debug for project SW ****
make all 
'Building file: ../src/testperiph.c'
'Invoking: MicroBlaze gcc compiler'
mb-gcc -Wall -O0 -g3 -c -fmessage-length=0 -MT"src/testperiph.o" -I../../SW_bsp/microblaze_0/include -mlittle-endian -mcpu=v11.0 -mxl-soft-mul -Wl,--no-relax -ffunction-sections -fdata-sections -MMD -MP -MF"src/testperiph.d" -MT"src/testperiph.o" -o "src/testperiph.o" "../src/testperiph.c"
'Finished building: ../src/testperiph.c'
' '
'Building target: SW.elf'
'Invoking: MicroBlaze gcc linker'
mb-gcc -Wl,-T -Wl,../src/lscript.ld -L../../SW_bsp/microblaze_0/lib -mlittle-endian -mcpu=v11.0 -mxl-soft-mul -Wl,--no-relax -Wl,--gc-sections -o "SW.elf"  ./src/testperiph.o ./src/xgpio_tapp_example.o ./src/xintc_tapp_example.o ./src/xtmrctr_intr_example.o ./src/xtmrctr_selftest_example.o   -Wl,--start-group,-lxil,-lgcc,-lc,--end-group
'Finished building target: SW.elf'
' '
'Invoking: MicroBlaze Print Size'
mb-size SW.elf  |tee "SW.elf.size"
   text	   data	    bss	    dec	    hex	filename
   2380	    320	   3108	   5808	   16b0	SW.elf
'Finished building: SW.elf.size'
' '
03:15:04 **** Auto Build of configuration Debug for project SW ****
make all 
'Building file: ../src/testperiph.c'
'Invoking: MicroBlaze gcc compiler'
mb-gcc -Wall -O0 -g3 -c -fmessage-length=0 -MT"src/testperiph.o" -I../../SW_bsp/microblaze_0/include -mlittle-endian -mcpu=v11.0 -mxl-soft-mul -Wl,--no-relax -ffunction-sections -fdata-sections -MMD -MP -MF"src/testperiph.d" -MT"src/testperiph.o" -o "src/testperiph.o" "../src/testperiph.c"
'Finished building: ../src/testperiph.c'
' '
'Building target: SW.elf'
'Invoking: MicroBlaze gcc linker'
mb-gcc -Wl,-T -Wl,../src/lscript.ld -L../../SW_bsp/microblaze_0/lib -mlittle-endian -mcpu=v11.0 -mxl-soft-mul -Wl,--no-relax -Wl,--gc-sections -o "SW.elf"  ./src/testperiph.o ./src/xgpio_tapp_example.o ./src/xintc_tapp_example.o ./src/xtmrctr_intr_example.o ./src/xtmrctr_selftest_example.o   -Wl,--start-group,-lxil,-lgcc,-lc,--end-group
'Finished building target: SW.elf'
' '
'Invoking: MicroBlaze Print Size'
mb-size SW.elf  |tee "SW.elf.size"
   text	   data	    bss	    dec	    hex	filename
   2380	    320	   3108	   5808	   16b0	SW.elf
'Finished building: SW.elf.size'
' '
03:15:21 **** Auto Build of configuration Debug for project SW ****
make all 
'Building file: ../src/testperiph.c'
'Invoking: MicroBlaze gcc compiler'
mb-gcc -Wall -O0 -g3 -c -fmessage-length=0 -MT"src/testperiph.o" -I../../SW_bsp/microblaze_0/include -mlittle-endian -mcpu=v11.0 -mxl-soft-mul -Wl,--no-relax -ffunction-sections -fdata-sections -MMD -MP -MF"src/testperiph.d" -MT"src/testperiph.o" -o "src/testperiph.o" "../src/testperiph.c"
'Finished building: ../src/testperiph.c'
' '
'Building target: SW.elf'
'Invoking: MicroBlaze gcc linker'
mb-gcc -Wl,-T -Wl,../src/lscript.ld -L../../SW_bsp/microblaze_0/lib -mlittle-endian -mcpu=v11.0 -mxl-soft-mul -Wl,--no-relax -Wl,--gc-sections -o "SW.elf"  ./src/testperiph.o ./src/xgpio_tapp_example.o ./src/xintc_tapp_example.o ./src/xtmrctr_intr_example.o ./src/xtmrctr_selftest_example.o   -Wl,--start-group,-lxil,-lgcc,-lc,--end-group
'Finished building target: SW.elf'
' '
'Invoking: MicroBlaze Print Size'
mb-size SW.elf  |tee "SW.elf.size"
   text	   data	    bss	    dec	    hex	filename
   2380	    320	   3108	   5808	   16b0	SW.elf
'Finished building: SW.elf.size'
' '
03:18:16 **** Auto Build of configuration Debug for project SW ****
make all 
'Building file: ../src/testperiph.c'
'Invoking: MicroBlaze gcc compiler'
mb-gcc -Wall -O0 -g3 -c -fmessage-length=0 -MT"src/testperiph.o" -I../../SW_bsp/microblaze_0/include -mlittle-endian -mcpu=v11.0 -mxl-soft-mul -Wl,--no-relax -ffunction-sections -fdata-sections -MMD -MP -MF"src/testperiph.d" -MT"src/testperiph.o" -o "src/testperiph.o" "../src/testperiph.c"
'Finished building: ../src/testperiph.c'
' '
'Building target: SW.elf'
'Invoking: MicroBlaze gcc linker'
mb-gcc -Wl,-T -Wl,../src/lscript.ld -L../../SW_bsp/microblaze_0/lib -mlittle-endian -mcpu=v11.0 -mxl-soft-mul -Wl,--no-relax -Wl,--gc-sections -o "SW.elf"  ./src/testperiph.o ./src/xgpio_tapp_example.o ./src/xintc_tapp_example.o ./src/xtmrctr_intr_example.o ./src/xtmrctr_selftest_example.o   -Wl,--start-group,-lxil,-lgcc,-lc,--end-group
'Finished building target: SW.elf'
' '
'Invoking: MicroBlaze Print Size'
mb-size SW.elf  |tee "SW.elf.size"
   text	   data	    bss	    dec	    hex	filename
   2380	    320	   3108	   5808	   16b0	SW.elf
'Finished building: SW.elf.size'
' '
03:37:04 **** Auto Build of configuration Debug for project SW ****
make all 
'Building file: ../src/testperiph.c'
'Invoking: MicroBlaze gcc compiler'
mb-gcc -Wall -O0 -g3 -c -fmessage-length=0 -MT"src/testperiph.o" -I../../SW_bsp/microblaze_0/include -mlittle-endian -mcpu=v11.0 -mxl-soft-mul -Wl,--no-relax -ffunction-sections -fdata-sections -MMD -MP -MF"src/testperiph.d" -MT"src/testperiph.o" -o "src/testperiph.o" "../src/testperiph.c"
'Finished building: ../src/testperiph.c'
' '
'Building target: SW.elf'
'Invoking: MicroBlaze gcc linker'
mb-gcc -Wl,-T -Wl,../src/lscript.ld -L../../SW_bsp/microblaze_0/lib -mlittle-endian -mcpu=v11.0 -mxl-soft-mul -Wl,--no-relax -Wl,--gc-sections -o "SW.elf"  ./src/testperiph.o ./src/xgpio_tapp_example.o ./src/xintc_tapp_example.o ./src/xtmrctr_intr_example.o ./src/xtmrctr_selftest_example.o   -Wl,--start-group,-lxil,-lgcc,-lc,--end-group
'Finished building target: SW.elf'
' '
'Invoking: MicroBlaze Print Size'
mb-size SW.elf  |tee "SW.elf.size"
   text	   data	    bss	    dec	    hex	filename
   2380	    320	   3108	   5808	   16b0	SW.elf
'Finished building: SW.elf.size'
' '
03:39:27 **** Auto Build of configuration Debug for project SW ****
make all 
'Building file: ../src/testperiph.c'
'Invoking: MicroBlaze gcc compiler'
mb-gcc -Wall -O0 -g3 -c -fmessage-length=0 -MT"src/testperiph.o" -I../../SW_bsp/microblaze_0/include -mlittle-endian -mcpu=v11.0 -mxl-soft-mul -Wl,--no-relax -ffunction-sections -fdata-sections -MMD -MP -MF"src/testperiph.d" -MT"src/testperiph.o" -o "src/testperiph.o" "../src/testperiph.c"
'Finished building: ../src/testperiph.c'
' '
'Building target: SW.elf'
'Invoking: MicroBlaze gcc linker'
mb-gcc -Wl,-T -Wl,../src/lscript.ld -L../../SW_bsp/microblaze_0/lib -mlittle-endian -mcpu=v11.0 -mxl-soft-mul -Wl,--no-relax -Wl,--gc-sections -o "SW.elf"  ./src/testperiph.o ./src/xgpio_tapp_example.o ./src/xintc_tapp_example.o ./src/xtmrctr_intr_example.o ./src/xtmrctr_selftest_example.o   -Wl,--start-group,-lxil,-lgcc,-lc,--end-group
'Finished building target: SW.elf'
' '
'Invoking: MicroBlaze Print Size'
mb-size SW.elf  |tee "SW.elf.size"
   text	   data	    bss	    dec	    hex	filename
  11428	    376	   3116	  14920	   3a48	SW.elf
'Finished building: SW.elf.size'
' '
03:41:33 **** Incremental Build of configuration Debug for project SW ****
make all 
make: Nothing to be done for 'all'.
04:00:45 **** Auto Build of configuration Debug for project SW ****
make all 
'Building file: ../src/testperiph.c'
'Invoking: MicroBlaze gcc compiler'
mb-gcc -Wall -O0 -g3 -c -fmessage-length=0 -MT"src/testperiph.o" -I../../SW_bsp/microblaze_0/include -mlittle-endian -mcpu=v11.0 -mxl-soft-mul -Wl,--no-relax -ffunction-sections -fdata-sections -MMD -MP -MF"src/testperiph.d" -MT"src/testperiph.o" -o "src/testperiph.o" "../src/testperiph.c"
'Finished building: ../src/testperiph.c'
' '
'Building target: SW.elf'
'Invoking: MicroBlaze gcc linker'
mb-gcc -Wl,-T -Wl,../src/lscript.ld -L../../SW_bsp/microblaze_0/lib -mlittle-endian -mcpu=v11.0 -mxl-soft-mul -Wl,--no-relax -Wl,--gc-sections -o "SW.elf"  ./src/testperiph.o ./src/xgpio_tapp_example.o ./src/xintc_tapp_example.o ./src/xtmrctr_intr_example.o ./src/xtmrctr_selftest_example.o   -Wl,--start-group,-lxil,-lgcc,-lc,--end-group
'Finished building target: SW.elf'
' '
'Invoking: MicroBlaze Print Size'
mb-size SW.elf  |tee "SW.elf.size"
   text	   data	    bss	    dec	    hex	filename
  11656	    376	   3112	  15144	   3b28	SW.elf
'Finished building: SW.elf.size'
' '
04:01:19 **** Auto Build of configuration Debug for project SW ****
make all 
'Building file: ../src/testperiph.c'
'Invoking: MicroBlaze gcc compiler'
mb-gcc -Wall -O0 -g3 -c -fmessage-length=0 -MT"src/testperiph.o" -I../../SW_bsp/microblaze_0/include -mlittle-endian -mcpu=v11.0 -mxl-soft-mul -Wl,--no-relax -ffunction-sections -fdata-sections -MMD -MP -MF"src/testperiph.d" -MT"src/testperiph.o" -o "src/testperiph.o" "../src/testperiph.c"
'Finished building: ../src/testperiph.c'
' '
'Building target: SW.elf'
'Invoking: MicroBlaze gcc linker'
mb-gcc -Wl,-T -Wl,../src/lscript.ld -L../../SW_bsp/microblaze_0/lib -mlittle-endian -mcpu=v11.0 -mxl-soft-mul -Wl,--no-relax -Wl,--gc-sections -o "SW.elf"  ./src/testperiph.o ./src/xgpio_tapp_example.o ./src/xintc_tapp_example.o ./src/xtmrctr_intr_example.o ./src/xtmrctr_selftest_example.o   -Wl,--start-group,-lxil,-lgcc,-lc,--end-group
'Finished building target: SW.elf'
' '
'Invoking: MicroBlaze Print Size'
mb-size SW.elf  |tee "SW.elf.size"
   text	   data	    bss	    dec	    hex	filename
  11660	    376	   3116	  15152	   3b30	SW.elf
'Finished building: SW.elf.size'
' '
04:02:05 **** Auto Build of configuration Debug for project SW ****
make all 
'Building file: ../src/testperiph.c'
'Invoking: MicroBlaze gcc compiler'
mb-gcc -Wall -O0 -g3 -c -fmessage-length=0 -MT"src/testperiph.o" -I../../SW_bsp/microblaze_0/include -mlittle-endian -mcpu=v11.0 -mxl-soft-mul -Wl,--no-relax -ffunction-sections -fdata-sections -MMD -MP -MF"src/testperiph.d" -MT"src/testperiph.o" -o "src/testperiph.o" "../src/testperiph.c"
'Finished building: ../src/testperiph.c'
' '
'Building target: SW.elf'
'Invoking: MicroBlaze gcc linker'
mb-gcc -Wl,-T -Wl,../src/lscript.ld -L../../SW_bsp/microblaze_0/lib -mlittle-endian -mcpu=v11.0 -mxl-soft-mul -Wl,--no-relax -Wl,--gc-sections -o "SW.elf"  ./src/testperiph.o ./src/xgpio_tapp_example.o ./src/xintc_tapp_example.o ./src/xtmrctr_intr_example.o ./src/xtmrctr_selftest_example.o   -Wl,--start-group,-lxil,-lgcc,-lc,--end-group
'Finished building target: SW.elf'
' '
'Invoking: MicroBlaze Print Size'
mb-size SW.elf  |tee "SW.elf.size"
   text	   data	    bss	    dec	    hex	filename
  11664	    376	   3112	  15152	   3b30	SW.elf
'Finished building: SW.elf.size'
' '
04:04:04 **** Auto Build of configuration Debug for project SW ****
make all 
'Building file: ../src/testperiph.c'
'Invoking: MicroBlaze gcc compiler'
mb-gcc -Wall -O0 -g3 -c -fmessage-length=0 -MT"src/testperiph.o" -I../../SW_bsp/microblaze_0/include -mlittle-endian -mcpu=v11.0 -mxl-soft-mul -Wl,--no-relax -ffunction-sections -fdata-sections -MMD -MP -MF"src/testperiph.d" -MT"src/testperiph.o" -o "src/testperiph.o" "../src/testperiph.c"
'Finished building: ../src/testperiph.c'
' '
'Building target: SW.elf'
'Invoking: MicroBlaze gcc linker'
mb-gcc -Wl,-T -Wl,../src/lscript.ld -L../../SW_bsp/microblaze_0/lib -mlittle-endian -mcpu=v11.0 -mxl-soft-mul -Wl,--no-relax -Wl,--gc-sections -o "SW.elf"  ./src/testperiph.o ./src/xgpio_tapp_example.o ./src/xintc_tapp_example.o ./src/xtmrctr_intr_example.o ./src/xtmrctr_selftest_example.o   -Wl,--start-group,-lxil,-lgcc,-lc,--end-group
'Finished building target: SW.elf'
' '
'Invoking: MicroBlaze Print Size'
mb-size SW.elf  |tee "SW.elf.size"
   text	   data	    bss	    dec	    hex	filename
  16112	    380	   3116	  19608	   4c98	SW.elf
'Finished building: SW.elf.size'
' '
04:05:54 **** Auto Build of configuration Debug for project SW ****
make all 
'Building file: ../src/testperiph.c'
'Invoking: MicroBlaze gcc compiler'
mb-gcc -Wall -O0 -g3 -c -fmessage-length=0 -MT"src/testperiph.o" -I../../SW_bsp/microblaze_0/include -mlittle-endian -mcpu=v11.0 -mxl-soft-mul -Wl,--no-relax -ffunction-sections -fdata-sections -MMD -MP -MF"src/testperiph.d" -MT"src/testperiph.o" -o "src/testperiph.o" "../src/testperiph.c"
'Finished building: ../src/testperiph.c'
' '
'Building target: SW.elf'
'Invoking: MicroBlaze gcc linker'
mb-gcc -Wl,-T -Wl,../src/lscript.ld -L../../SW_bsp/microblaze_0/lib -mlittle-endian -mcpu=v11.0 -mxl-soft-mul -Wl,--no-relax -Wl,--gc-sections -o "SW.elf"  ./src/testperiph.o ./src/xgpio_tapp_example.o ./src/xintc_tapp_example.o ./src/xtmrctr_intr_example.o ./src/xtmrctr_selftest_example.o   -Wl,--start-group,-lxil,-lgcc,-lc,--end-group
'Finished building target: SW.elf'
' '
'Invoking: MicroBlaze Print Size'
mb-size SW.elf  |tee "SW.elf.size"
   text	   data	    bss	    dec	    hex	filename
  16160	    380	   3116	  19656	   4cc8	SW.elf
'Finished building: SW.elf.size'
' '
04:06:02 **** Incremental Build of configuration Debug for project SW ****
make all 
make: Nothing to be done for 'all'.
04:06:53 **** Auto Build of configuration Debug for project SW ****
make all 
'Building file: ../src/testperiph.c'
'Invoking: MicroBlaze gcc compiler'
mb-gcc -Wall -O0 -g3 -c -fmessage-length=0 -MT"src/testperiph.o" -I../../SW_bsp/microblaze_0/include -mlittle-endian -mcpu=v11.0 -mxl-soft-mul -Wl,--no-relax -ffunction-sections -fdata-sections -MMD -MP -MF"src/testperiph.d" -MT"src/testperiph.o" -o "src/testperiph.o" "../src/testperiph.c"
'Finished building: ../src/testperiph.c'
' '
'Building target: SW.elf'
'Invoking: MicroBlaze gcc linker'
mb-gcc -Wl,-T -Wl,../src/lscript.ld -L../../SW_bsp/microblaze_0/lib -mlittle-endian -mcpu=v11.0 -mxl-soft-mul -Wl,--no-relax -Wl,--gc-sections -o "SW.elf"  ./src/testperiph.o ./src/xgpio_tapp_example.o ./src/xintc_tapp_example.o ./src/xtmrctr_intr_example.o ./src/xtmrctr_selftest_example.o   -Wl,--start-group,-lxil,-lgcc,-lc,--end-group
'Finished building target: SW.elf'
' '
'Invoking: MicroBlaze Print Size'
mb-size SW.elf  |tee "SW.elf.size"
   text	   data	    bss	    dec	    hex	filename
  16160	    380	   3116	  19656	   4cc8	SW.elf
'Finished building: SW.elf.size'
' '
04:06:58 **** Incremental Build of configuration Debug for project SW ****
make all 
make: Nothing to be done for 'all'.
04:07:23 **** Auto Build of configuration Debug for project SW ****
make all 
'Building file: ../src/testperiph.c'
'Invoking: MicroBlaze gcc compiler'
mb-gcc -Wall -O0 -g3 -c -fmessage-length=0 -MT"src/testperiph.o" -I../../SW_bsp/microblaze_0/include -mlittle-endian -mcpu=v11.0 -mxl-soft-mul -Wl,--no-relax -ffunction-sections -fdata-sections -MMD -MP -MF"src/testperiph.d" -MT"src/testperiph.o" -o "src/testperiph.o" "../src/testperiph.c"
'Finished building: ../src/testperiph.c'
' '
'Building target: SW.elf'
'Invoking: MicroBlaze gcc linker'
mb-gcc -Wl,-T -Wl,../src/lscript.ld -L../../SW_bsp/microblaze_0/lib -mlittle-endian -mcpu=v11.0 -mxl-soft-mul -Wl,--no-relax -Wl,--gc-sections -o "SW.elf"  ./src/testperiph.o ./src/xgpio_tapp_example.o ./src/xintc_tapp_example.o ./src/xtmrctr_intr_example.o ./src/xtmrctr_selftest_example.o   -Wl,--start-group,-lxil,-lgcc,-lc,--end-group
'Finished building target: SW.elf'
' '
'Invoking: MicroBlaze Print Size'
mb-size SW.elf  |tee "SW.elf.size"
   text	   data	    bss	    dec	    hex	filename
  16160	    380	   3116	  19656	   4cc8	SW.elf
'Finished building: SW.elf.size'
' '
04:07:27 **** Incremental Build of configuration Debug for project SW ****
make all 
make: Nothing to be done for 'all'.
04:14:08 **** Auto Build of configuration Debug for project SW ****
make all 
'Building file: ../src/testperiph.c'
'Invoking: MicroBlaze gcc compiler'
mb-gcc -Wall -O0 -g3 -c -fmessage-length=0 -MT"src/testperiph.o" -I../../SW_bsp/microblaze_0/include -mlittle-endian -mcpu=v11.0 -mxl-soft-mul -Wl,--no-relax -ffunction-sections -fdata-sections -MMD -MP -MF"src/testperiph.d" -MT"src/testperiph.o" -o "src/testperiph.o" "../src/testperiph.c"
'Finished building: ../src/testperiph.c'
' '
'Building target: SW.elf'
'Invoking: MicroBlaze gcc linker'
mb-gcc -Wl,-T -Wl,../src/lscript.ld -L../../SW_bsp/microblaze_0/lib -mlittle-endian -mcpu=v11.0 -mxl-soft-mul -Wl,--no-relax -Wl,--gc-sections -o "SW.elf"  ./src/testperiph.o ./src/xgpio_tapp_example.o ./src/xintc_tapp_example.o ./src/xtmrctr_intr_example.o ./src/xtmrctr_selftest_example.o   -Wl,--start-group,-lxil,-lgcc,-lc,--end-group
'Finished building target: SW.elf'
' '
'Invoking: MicroBlaze Print Size'
mb-size SW.elf  |tee "SW.elf.size"
   text	   data	    bss	    dec	    hex	filename
  16160	    380	   3116	  19656	   4cc8	SW.elf
'Finished building: SW.elf.size'
' '
04:14:12 **** Incremental Build of configuration Debug for project SW ****
make all 
make: Nothing to be done for 'all'.
04:15:27 **** Auto Build of configuration Debug for project SW ****
make all 
'Building file: ../src/testperiph.c'
'Invoking: MicroBlaze gcc compiler'
mb-gcc -Wall -O0 -g3 -c -fmessage-length=0 -MT"src/testperiph.o" -I../../SW_bsp/microblaze_0/include -mlittle-endian -mcpu=v11.0 -mxl-soft-mul -Wl,--no-relax -ffunction-sections -fdata-sections -MMD -MP -MF"src/testperiph.d" -MT"src/testperiph.o" -o "src/testperiph.o" "../src/testperiph.c"
'Finished building: ../src/testperiph.c'
' '
'Building target: SW.elf'
'Invoking: MicroBlaze gcc linker'
mb-gcc -Wl,-T -Wl,../src/lscript.ld -L../../SW_bsp/microblaze_0/lib -mlittle-endian -mcpu=v11.0 -mxl-soft-mul -Wl,--no-relax -Wl,--gc-sections -o "SW.elf"  ./src/testperiph.o ./src/xgpio_tapp_example.o ./src/xintc_tapp_example.o ./src/xtmrctr_intr_example.o ./src/xtmrctr_selftest_example.o   -Wl,--start-group,-lxil,-lgcc,-lc,--end-group
'Finished building target: SW.elf'
' '
'Invoking: MicroBlaze Print Size'
mb-size SW.elf  |tee "SW.elf.size"
   text	   data	    bss	    dec	    hex	filename
  16160	    380	   3116	  19656	   4cc8	SW.elf
'Finished building: SW.elf.size'
' '
04:15:32 **** Incremental Build of configuration Debug for project SW ****
make all 
make: Nothing to be done for 'all'.
04:18:29 **** Auto Build of configuration Debug for project SW ****
make all 
'Building file: ../src/testperiph.c'
'Invoking: MicroBlaze gcc compiler'
mb-gcc -Wall -O0 -g3 -c -fmessage-length=0 -MT"src/testperiph.o" -I../../SW_bsp/microblaze_0/include -mlittle-endian -mcpu=v11.0 -mxl-soft-mul -Wl,--no-relax -ffunction-sections -fdata-sections -MMD -MP -MF"src/testperiph.d" -MT"src/testperiph.o" -o "src/testperiph.o" "../src/testperiph.c"
'Finished building: ../src/testperiph.c'
' '
'Building target: SW.elf'
'Invoking: MicroBlaze gcc linker'
mb-gcc -Wl,-T -Wl,../src/lscript.ld -L../../SW_bsp/microblaze_0/lib -mlittle-endian -mcpu=v11.0 -mxl-soft-mul -Wl,--no-relax -Wl,--gc-sections -o "SW.elf"  ./src/testperiph.o ./src/xgpio_tapp_example.o ./src/xintc_tapp_example.o ./src/xtmrctr_intr_example.o ./src/xtmrctr_selftest_example.o   -Wl,--start-group,-lxil,-lgcc,-lc,--end-group
'Finished building target: SW.elf'
' '
'Invoking: MicroBlaze Print Size'
mb-size SW.elf  |tee "SW.elf.size"
   text	   data	    bss	    dec	    hex	filename
  16152	    380	   3116	  19648	   4cc0	SW.elf
'Finished building: SW.elf.size'
' '
04:18:32 **** Incremental Build of configuration Debug for project SW ****
make all 
make: Nothing to be done for 'all'.
04:18:48 **** Auto Build of configuration Debug for project SW ****
make all 
'Building file: ../src/testperiph.c'
'Invoking: MicroBlaze gcc compiler'
mb-gcc -Wall -O0 -g3 -c -fmessage-length=0 -MT"src/testperiph.o" -I../../SW_bsp/microblaze_0/include -mlittle-endian -mcpu=v11.0 -mxl-soft-mul -Wl,--no-relax -ffunction-sections -fdata-sections -MMD -MP -MF"src/testperiph.d" -MT"src/testperiph.o" -o "src/testperiph.o" "../src/testperiph.c"
'Finished building: ../src/testperiph.c'
' '
'Building target: SW.elf'
'Invoking: MicroBlaze gcc linker'
mb-gcc -Wl,-T -Wl,../src/lscript.ld -L../../SW_bsp/microblaze_0/lib -mlittle-endian -mcpu=v11.0 -mxl-soft-mul -Wl,--no-relax -Wl,--gc-sections -o "SW.elf"  ./src/testperiph.o ./src/xgpio_tapp_example.o ./src/xintc_tapp_example.o ./src/xtmrctr_intr_example.o ./src/xtmrctr_selftest_example.o   -Wl,--start-group,-lxil,-lgcc,-lc,--end-group
'Finished building target: SW.elf'
' '
'Invoking: MicroBlaze Print Size'
mb-size SW.elf  |tee "SW.elf.size"
   text	   data	    bss	    dec	    hex	filename
  16152	    380	   3116	  19648	   4cc0	SW.elf
'Finished building: SW.elf.size'
' '
04:18:52 **** Incremental Build of configuration Debug for project SW ****
make all 
make: Nothing to be done for 'all'.
04:19:15 **** Auto Build of configuration Debug for project SW ****
make all 
'Building file: ../src/testperiph.c'
'Invoking: MicroBlaze gcc compiler'
mb-gcc -Wall -O0 -g3 -c -fmessage-length=0 -MT"src/testperiph.o" -I../../SW_bsp/microblaze_0/include -mlittle-endian -mcpu=v11.0 -mxl-soft-mul -Wl,--no-relax -ffunction-sections -fdata-sections -MMD -MP -MF"src/testperiph.d" -MT"src/testperiph.o" -o "src/testperiph.o" "../src/testperiph.c"
'Finished building: ../src/testperiph.c'
' '
'Building target: SW.elf'
'Invoking: MicroBlaze gcc linker'
mb-gcc -Wl,-T -Wl,../src/lscript.ld -L../../SW_bsp/microblaze_0/lib -mlittle-endian -mcpu=v11.0 -mxl-soft-mul -Wl,--no-relax -Wl,--gc-sections -o "SW.elf"  ./src/testperiph.o ./src/xgpio_tapp_example.o ./src/xintc_tapp_example.o ./src/xtmrctr_intr_example.o ./src/xtmrctr_selftest_example.o   -Wl,--start-group,-lxil,-lgcc,-lc,--end-group
'Finished building target: SW.elf'
' '
'Invoking: MicroBlaze Print Size'
mb-size SW.elf  |tee "SW.elf.size"
   text	   data	    bss	    dec	    hex	filename
  16152	    380	   3116	  19648	   4cc0	SW.elf
'Finished building: SW.elf.size'
' '
04:19:20 **** Incremental Build of configuration Debug for project SW ****
make all 
make: Nothing to be done for 'all'.
04:19:48 **** Auto Build of configuration Debug for project SW ****
make all 
'Building file: ../src/testperiph.c'
'Invoking: MicroBlaze gcc compiler'
mb-gcc -Wall -O0 -g3 -c -fmessage-length=0 -MT"src/testperiph.o" -I../../SW_bsp/microblaze_0/include -mlittle-endian -mcpu=v11.0 -mxl-soft-mul -Wl,--no-relax -ffunction-sections -fdata-sections -MMD -MP -MF"src/testperiph.d" -MT"src/testperiph.o" -o "src/testperiph.o" "../src/testperiph.c"
'Finished building: ../src/testperiph.c'
' '
'Building target: SW.elf'
'Invoking: MicroBlaze gcc linker'
mb-gcc -Wl,-T -Wl,../src/lscript.ld -L../../SW_bsp/microblaze_0/lib -mlittle-endian -mcpu=v11.0 -mxl-soft-mul -Wl,--no-relax -Wl,--gc-sections -o "SW.elf"  ./src/testperiph.o ./src/xgpio_tapp_example.o ./src/xintc_tapp_example.o ./src/xtmrctr_intr_example.o ./src/xtmrctr_selftest_example.o   -Wl,--start-group,-lxil,-lgcc,-lc,--end-group
'Finished building target: SW.elf'
' '
'Invoking: MicroBlaze Print Size'
mb-size SW.elf  |tee "SW.elf.size"
   text	   data	    bss	    dec	    hex	filename
  16160	    380	   3116	  19656	   4cc8	SW.elf
'Finished building: SW.elf.size'
' '
04:19:53 **** Incremental Build of configuration Debug for project SW ****
make all 
make: Nothing to be done for 'all'.
04:20:17 **** Auto Build of configuration Debug for project SW ****
make all 
'Building file: ../src/testperiph.c'
'Invoking: MicroBlaze gcc compiler'
mb-gcc -Wall -O0 -g3 -c -fmessage-length=0 -MT"src/testperiph.o" -I../../SW_bsp/microblaze_0/include -mlittle-endian -mcpu=v11.0 -mxl-soft-mul -Wl,--no-relax -ffunction-sections -fdata-sections -MMD -MP -MF"src/testperiph.d" -MT"src/testperiph.o" -o "src/testperiph.o" "../src/testperiph.c"
'Finished building: ../src/testperiph.c'
' '
'Building target: SW.elf'
'Invoking: MicroBlaze gcc linker'
mb-gcc -Wl,-T -Wl,../src/lscript.ld -L../../SW_bsp/microblaze_0/lib -mlittle-endian -mcpu=v11.0 -mxl-soft-mul -Wl,--no-relax -Wl,--gc-sections -o "SW.elf"  ./src/testperiph.o ./src/xgpio_tapp_example.o ./src/xintc_tapp_example.o ./src/xtmrctr_intr_example.o ./src/xtmrctr_selftest_example.o   -Wl,--start-group,-lxil,-lgcc,-lc,--end-group
'Finished building target: SW.elf'
' '
'Invoking: MicroBlaze Print Size'
mb-size SW.elf  |tee "SW.elf.size"
   text	   data	    bss	    dec	    hex	filename
  16160	    380	   3116	  19656	   4cc8	SW.elf
'Finished building: SW.elf.size'
' '
04:20:22 **** Incremental Build of configuration Debug for project SW ****
make all 
make: Nothing to be done for 'all'.
04:20:48 **** Auto Build of configuration Debug for project SW ****
make all 
'Building file: ../src/testperiph.c'
'Invoking: MicroBlaze gcc compiler'
mb-gcc -Wall -O0 -g3 -c -fmessage-length=0 -MT"src/testperiph.o" -I../../SW_bsp/microblaze_0/include -mlittle-endian -mcpu=v11.0 -mxl-soft-mul -Wl,--no-relax -ffunction-sections -fdata-sections -MMD -MP -MF"src/testperiph.d" -MT"src/testperiph.o" -o "src/testperiph.o" "../src/testperiph.c"
'Finished building: ../src/testperiph.c'
' '
'Building target: SW.elf'
'Invoking: MicroBlaze gcc linker'
mb-gcc -Wl,-T -Wl,../src/lscript.ld -L../../SW_bsp/microblaze_0/lib -mlittle-endian -mcpu=v11.0 -mxl-soft-mul -Wl,--no-relax -Wl,--gc-sections -o "SW.elf"  ./src/testperiph.o ./src/xgpio_tapp_example.o ./src/xintc_tapp_example.o ./src/xtmrctr_intr_example.o ./src/xtmrctr_selftest_example.o   -Wl,--start-group,-lxil,-lgcc,-lc,--end-group
'Finished building target: SW.elf'
' '
'Invoking: MicroBlaze Print Size'
mb-size SW.elf  |tee "SW.elf.size"
   text	   data	    bss	    dec	    hex	filename
  16160	    380	   3116	  19656	   4cc8	SW.elf
'Finished building: SW.elf.size'
' '
04:20:53 **** Incremental Build of configuration Debug for project SW ****
make all 
make: Nothing to be done for 'all'.
04:21:16 **** Auto Build of configuration Debug for project SW ****
make all 
'Building file: ../src/testperiph.c'
'Invoking: MicroBlaze gcc compiler'
mb-gcc -Wall -O0 -g3 -c -fmessage-length=0 -MT"src/testperiph.o" -I../../SW_bsp/microblaze_0/include -mlittle-endian -mcpu=v11.0 -mxl-soft-mul -Wl,--no-relax -ffunction-sections -fdata-sections -MMD -MP -MF"src/testperiph.d" -MT"src/testperiph.o" -o "src/testperiph.o" "../src/testperiph.c"
'Finished building: ../src/testperiph.c'
' '
'Building target: SW.elf'
'Invoking: MicroBlaze gcc linker'
mb-gcc -Wl,-T -Wl,../src/lscript.ld -L../../SW_bsp/microblaze_0/lib -mlittle-endian -mcpu=v11.0 -mxl-soft-mul -Wl,--no-relax -Wl,--gc-sections -o "SW.elf"  ./src/testperiph.o ./src/xgpio_tapp_example.o ./src/xintc_tapp_example.o ./src/xtmrctr_intr_example.o ./src/xtmrctr_selftest_example.o   -Wl,--start-group,-lxil,-lgcc,-lc,--end-group
'Finished building target: SW.elf'
' '
'Invoking: MicroBlaze Print Size'
mb-size SW.elf  |tee "SW.elf.size"
   text	   data	    bss	    dec	    hex	filename
  16160	    380	   3116	  19656	   4cc8	SW.elf
'Finished building: SW.elf.size'
' '
04:21:19 **** Incremental Build of configuration Debug for project SW ****
make all 
make: Nothing to be done for 'all'.
04:21:52 **** Auto Build of configuration Debug for project SW ****
make all 
'Building file: ../src/testperiph.c'
'Invoking: MicroBlaze gcc compiler'
mb-gcc -Wall -O0 -g3 -c -fmessage-length=0 -MT"src/testperiph.o" -I../../SW_bsp/microblaze_0/include -mlittle-endian -mcpu=v11.0 -mxl-soft-mul -Wl,--no-relax -ffunction-sections -fdata-sections -MMD -MP -MF"src/testperiph.d" -MT"src/testperiph.o" -o "src/testperiph.o" "../src/testperiph.c"
'Finished building: ../src/testperiph.c'
' '
'Building target: SW.elf'
'Invoking: MicroBlaze gcc linker'
mb-gcc -Wl,-T -Wl,../src/lscript.ld -L../../SW_bsp/microblaze_0/lib -mlittle-endian -mcpu=v11.0 -mxl-soft-mul -Wl,--no-relax -Wl,--gc-sections -o "SW.elf"  ./src/testperiph.o ./src/xgpio_tapp_example.o ./src/xintc_tapp_example.o ./src/xtmrctr_intr_example.o ./src/xtmrctr_selftest_example.o   -Wl,--start-group,-lxil,-lgcc,-lc,--end-group
'Finished building target: SW.elf'
' '
'Invoking: MicroBlaze Print Size'
mb-size SW.elf  |tee "SW.elf.size"
   text	   data	    bss	    dec	    hex	filename
  16160	    380	   3116	  19656	   4cc8	SW.elf
'Finished building: SW.elf.size'
' '
04:21:57 **** Incremental Build of configuration Debug for project SW ****
make all 
make: Nothing to be done for 'all'.
04:22:17 **** Auto Build of configuration Debug for project SW ****
make all 
'Building file: ../src/testperiph.c'
'Invoking: MicroBlaze gcc compiler'
mb-gcc -Wall -O0 -g3 -c -fmessage-length=0 -MT"src/testperiph.o" -I../../SW_bsp/microblaze_0/include -mlittle-endian -mcpu=v11.0 -mxl-soft-mul -Wl,--no-relax -ffunction-sections -fdata-sections -MMD -MP -MF"src/testperiph.d" -MT"src/testperiph.o" -o "src/testperiph.o" "../src/testperiph.c"
'Finished building: ../src/testperiph.c'
' '
'Building target: SW.elf'
'Invoking: MicroBlaze gcc linker'
mb-gcc -Wl,-T -Wl,../src/lscript.ld -L../../SW_bsp/microblaze_0/lib -mlittle-endian -mcpu=v11.0 -mxl-soft-mul -Wl,--no-relax -Wl,--gc-sections -o "SW.elf"  ./src/testperiph.o ./src/xgpio_tapp_example.o ./src/xintc_tapp_example.o ./src/xtmrctr_intr_example.o ./src/xtmrctr_selftest_example.o   -Wl,--start-group,-lxil,-lgcc,-lc,--end-group
'Finished building target: SW.elf'
' '
'Invoking: MicroBlaze Print Size'
mb-size SW.elf  |tee "SW.elf.size"
   text	   data	    bss	    dec	    hex	filename
  16160	    380	   3116	  19656	   4cc8	SW.elf
'Finished building: SW.elf.size'
' '
04:22:21 **** Incremental Build of configuration Debug for project SW ****
make all 
make: Nothing to be done for 'all'.
04:24:12 **** Auto Build of configuration Debug for project SW ****
make all 
'Building file: ../src/testperiph.c'
'Invoking: MicroBlaze gcc compiler'
mb-gcc -Wall -O0 -g3 -c -fmessage-length=0 -MT"src/testperiph.o" -I../../SW_bsp/microblaze_0/include -mlittle-endian -mcpu=v11.0 -mxl-soft-mul -Wl,--no-relax -ffunction-sections -fdata-sections -MMD -MP -MF"src/testperiph.d" -MT"src/testperiph.o" -o "src/testperiph.o" "../src/testperiph.c"
../src/testperiph.c: In function 'pwm':
../src/testperiph.c:224:3: warning: implicit declaration of function 'delay' [-Wimplicit-function-declaration]
   delay(1000);
   ^~~~~
../src/testperiph.c:214:5: warning: variable 'DutyCycle' set but not used [-Wunused-but-set-variable]
  u8 DutyCycle;
     ^~~~~~~~~
../src/testperiph.c: At top level:
../src/testperiph.c:232:6: warning: conflicting types for 'delay'
 void delay(unsigned int time) {
      ^~~~~
../src/testperiph.c:224:3: note: previous implicit declaration of 'delay' was here
   delay(1000);
   ^~~~~
'Finished building: ../src/testperiph.c'
' '
'Building target: SW.elf'
'Invoking: MicroBlaze gcc linker'
mb-gcc -Wl,-T -Wl,../src/lscript.ld -L../../SW_bsp/microblaze_0/lib -mlittle-endian -mcpu=v11.0 -mxl-soft-mul -Wl,--no-relax -Wl,--gc-sections -o "SW.elf"  ./src/testperiph.o ./src/xgpio_tapp_example.o ./src/xintc_tapp_example.o ./src/xtmrctr_intr_example.o ./src/xtmrctr_selftest_example.o   -Wl,--start-group,-lxil,-lgcc,-lc,--end-group
'Finished building target: SW.elf'
' '
'Invoking: MicroBlaze Print Size'
mb-size SW.elf  |tee "SW.elf.size"
   text	   data	    bss	    dec	    hex	filename
  17144	    380	   3116	  20640	   50a0	SW.elf
'Finished building: SW.elf.size'
' '
04:24:51 **** Auto Build of configuration Debug for project SW ****
make all 
'Building file: ../src/testperiph.c'
'Invoking: MicroBlaze gcc compiler'
mb-gcc -Wall -O0 -g3 -c -fmessage-length=0 -MT"src/testperiph.o" -I../../SW_bsp/microblaze_0/include -mlittle-endian -mcpu=v11.0 -mxl-soft-mul -Wl,--no-relax -ffunction-sections -fdata-sections -MMD -MP -MF"src/testperiph.d" -MT"src/testperiph.o" -o "src/testperiph.o" "../src/testperiph.c"
../src/testperiph.c: In function 'pwm':
../src/testperiph.c:225:5: warning: variable 'DutyCycle' set but not used [-Wunused-but-set-variable]
  u8 DutyCycle;
     ^~~~~~~~~
'Finished building: ../src/testperiph.c'
' '
'Building target: SW.elf'
'Invoking: MicroBlaze gcc linker'
mb-gcc -Wl,-T -Wl,../src/lscript.ld -L../../SW_bsp/microblaze_0/lib -mlittle-endian -mcpu=v11.0 -mxl-soft-mul -Wl,--no-relax -Wl,--gc-sections -o "SW.elf"  ./src/testperiph.o ./src/xgpio_tapp_example.o ./src/xintc_tapp_example.o ./src/xtmrctr_intr_example.o ./src/xtmrctr_selftest_example.o   -Wl,--start-group,-lxil,-lgcc,-lc,--end-group
'Finished building target: SW.elf'
' '
'Invoking: MicroBlaze Print Size'
mb-size SW.elf  |tee "SW.elf.size"
   text	   data	    bss	    dec	    hex	filename
  17160	    380	   3116	  20656	   50b0	SW.elf
'Finished building: SW.elf.size'
' '
04:25:01 **** Incremental Build of configuration Debug for project SW ****
make all 
make: Nothing to be done for 'all'.
04:25:18 **** Auto Build of configuration Debug for project SW ****
make all 
'Building file: ../src/testperiph.c'
'Invoking: MicroBlaze gcc compiler'
mb-gcc -Wall -O0 -g3 -c -fmessage-length=0 -MT"src/testperiph.o" -I../../SW_bsp/microblaze_0/include -mlittle-endian -mcpu=v11.0 -mxl-soft-mul -Wl,--no-relax -ffunction-sections -fdata-sections -MMD -MP -MF"src/testperiph.d" -MT"src/testperiph.o" -o "src/testperiph.o" "../src/testperiph.c"
../src/testperiph.c: In function 'pwm':
../src/testperiph.c:225:5: warning: variable 'DutyCycle' set but not used [-Wunused-but-set-variable]
  u8 DutyCycle;
     ^~~~~~~~~
'Finished building: ../src/testperiph.c'
' '
'Building target: SW.elf'
'Invoking: MicroBlaze gcc linker'
mb-gcc -Wl,-T -Wl,../src/lscript.ld -L../../SW_bsp/microblaze_0/lib -mlittle-endian -mcpu=v11.0 -mxl-soft-mul -Wl,--no-relax -Wl,--gc-sections -o "SW.elf"  ./src/testperiph.o ./src/xgpio_tapp_example.o ./src/xintc_tapp_example.o ./src/xtmrctr_intr_example.o ./src/xtmrctr_selftest_example.o   -Wl,--start-group,-lxil,-lgcc,-lc,--end-group
'Finished building target: SW.elf'
' '
'Invoking: MicroBlaze Print Size'
mb-size SW.elf  |tee "SW.elf.size"
   text	   data	    bss	    dec	    hex	filename
  17160	    380	   3116	  20656	   50b0	SW.elf
'Finished building: SW.elf.size'
' '
04:25:22 **** Incremental Build of configuration Debug for project SW ****
make all 
make: Nothing to be done for 'all'.
04:25:37 **** Auto Build of configuration Debug for project SW ****
make all 
'Building file: ../src/testperiph.c'
'Invoking: MicroBlaze gcc compiler'
mb-gcc -Wall -O0 -g3 -c -fmessage-length=0 -MT"src/testperiph.o" -I../../SW_bsp/microblaze_0/include -mlittle-endian -mcpu=v11.0 -mxl-soft-mul -Wl,--no-relax -ffunction-sections -fdata-sections -MMD -MP -MF"src/testperiph.d" -MT"src/testperiph.o" -o "src/testperiph.o" "../src/testperiph.c"
../src/testperiph.c: In function 'pwm':
../src/testperiph.c:225:5: warning: variable 'DutyCycle' set but not used [-Wunused-but-set-variable]
  u8 DutyCycle;
     ^~~~~~~~~
'Finished building: ../src/testperiph.c'
' '
'Building target: SW.elf'
'Invoking: MicroBlaze gcc linker'
mb-gcc -Wl,-T -Wl,../src/lscript.ld -L../../SW_bsp/microblaze_0/lib -mlittle-endian -mcpu=v11.0 -mxl-soft-mul -Wl,--no-relax -Wl,--gc-sections -o "SW.elf"  ./src/testperiph.o ./src/xgpio_tapp_example.o ./src/xintc_tapp_example.o ./src/xtmrctr_intr_example.o ./src/xtmrctr_selftest_example.o   -Wl,--start-group,-lxil,-lgcc,-lc,--end-group
'Finished building target: SW.elf'
' '
'Invoking: MicroBlaze Print Size'
mb-size SW.elf  |tee "SW.elf.size"
   text	   data	    bss	    dec	    hex	filename
  17160	    380	   3116	  20656	   50b0	SW.elf
'Finished building: SW.elf.size'
' '
04:25:40 **** Incremental Build of configuration Debug for project SW ****
make all 
make: Nothing to be done for 'all'.
04:44:49 **** Auto Build of configuration Debug for project SW ****
make all 
'Building file: ../src/testperiph.c'
'Invoking: MicroBlaze gcc compiler'
mb-gcc -Wall -O0 -g3 -c -fmessage-length=0 -MT"src/testperiph.o" -I../../SW_bsp/microblaze_0/include -mlittle-endian -mcpu=v11.0 -mxl-soft-mul -Wl,--no-relax -ffunction-sections -fdata-sections -MMD -MP -MF"src/testperiph.d" -MT"src/testperiph.o" -o "src/testperiph.o" "../src/testperiph.c"
../src/testperiph.c: In function 'pwm':
../src/testperiph.c:225:5: warning: variable 'DutyCycle' set but not used [-Wunused-but-set-variable]
  u8 DutyCycle;
     ^~~~~~~~~
'Finished building: ../src/testperiph.c'
' '
'Building target: SW.elf'
'Invoking: MicroBlaze gcc linker'
mb-gcc -Wl,-T -Wl,../src/lscript.ld -L../../SW_bsp/microblaze_0/lib -mlittle-endian -mcpu=v11.0 -mxl-soft-mul -Wl,--no-relax -Wl,--gc-sections -o "SW.elf"  ./src/testperiph.o ./src/xgpio_tapp_example.o ./src/xintc_tapp_example.o ./src/xtmrctr_intr_example.o ./src/xtmrctr_selftest_example.o   -Wl,--start-group,-lxil,-lgcc,-lc,--end-group
'Finished building target: SW.elf'
' '
'Invoking: MicroBlaze Print Size'
mb-size SW.elf  |tee "SW.elf.size"
   text	   data	    bss	    dec	    hex	filename
  17160	    380	   3116	  20656	   50b0	SW.elf
'Finished building: SW.elf.size'
' '
04:48:01 **** Auto Build of configuration Debug for project SW ****
make all 
'Building file: ../src/testperiph.c'
'Invoking: MicroBlaze gcc compiler'
mb-gcc -Wall -O0 -g3 -c -fmessage-length=0 -MT"src/testperiph.o" -I../../SW_bsp/microblaze_0/include -mlittle-endian -mcpu=v11.0 -mxl-soft-mul -Wl,--no-relax -ffunction-sections -fdata-sections -MMD -MP -MF"src/testperiph.d" -MT"src/testperiph.o" -o "src/testperiph.o" "../src/testperiph.c"
../src/testperiph.c: In function 'pwm':
../src/testperiph.c:225:5: warning: variable 'DutyCycle' set but not used [-Wunused-but-set-variable]
  u8 DutyCycle;
     ^~~~~~~~~
../src/testperiph.c: In function 'servos_test':
../src/testperiph.c:320:16: warning: passing argument 1 of 'servos_block' from incompatible pointer type [-Wincompatible-pointer-types]
   servos_block(servos, i);
                ^~~~~~
../src/testperiph.c:308:6: note: expected 'XTmrCtr * {aka struct <anonymous> *}' but argument is of type 'XGpio * {aka struct <anonymous> *}'
 void servos_block(XTmrCtr* servo) {
      ^~~~~~~~~~~~
../src/testperiph.c:320:3: error: too many arguments to function 'servos_block'
   servos_block(servos, i);
   ^~~~~~~~~~~~
../src/testperiph.c:308:6: note: declared here
 void servos_block(XTmrCtr* servo) {
      ^~~~~~~~~~~~
../src/testperiph.c:323:18: warning: passing argument 1 of 'servos_unblock' from incompatible pointer type [-Wincompatible-pointer-types]
   servos_unblock(servos, i);
                  ^~~~~~
../src/testperiph.c:312:6: note: expected 'XTmrCtr * {aka struct <anonymous> *}' but argument is of type 'XGpio * {aka struct <anonymous> *}'
 void servos_unblock(XTmrCtr* servo) {
      ^~~~~~~~~~~~~~
../src/testperiph.c:323:3: error: too many arguments to function 'servos_unblock'
   servos_unblock(servos, i);
   ^~~~~~~~~~~~~~
../src/testperiph.c:312:6: note: declared here
 void servos_unblock(XTmrCtr* servo) {
      ^~~~~~~~~~~~~~
make: *** [src/subdir.mk:35: src/testperiph.o] Error 1
04:49:42 **** Auto Build of configuration Debug for project SW ****
make all 
'Building file: ../src/testperiph.c'
'Invoking: MicroBlaze gcc compiler'
mb-gcc -Wall -O0 -g3 -c -fmessage-length=0 -MT"src/testperiph.o" -I../../SW_bsp/microblaze_0/include -mlittle-endian -mcpu=v11.0 -mxl-soft-mul -Wl,--no-relax -ffunction-sections -fdata-sections -MMD -MP -MF"src/testperiph.d" -MT"src/testperiph.o" -o "src/testperiph.o" "../src/testperiph.c"
../src/testperiph.c: In function 'pwm':
../src/testperiph.c:225:5: warning: variable 'DutyCycle' set but not used [-Wunused-but-set-variable]
  u8 DutyCycle;
     ^~~~~~~~~
../src/testperiph.c: In function 'servos_test':
../src/testperiph.c:324:16: warning: passing argument 1 of 'servos_block' from incompatible pointer type [-Wincompatible-pointer-types]
   servos_block(servos, i);
                ^~~~~~
../src/testperiph.c:308:6: note: expected 'XTmrCtr * {aka struct <anonymous> *}' but argument is of type 'XGpio * {aka struct <anonymous> *}'
 void servos_block(XTmrCtr* servo) {
      ^~~~~~~~~~~~
../src/testperiph.c:324:3: error: too many arguments to function 'servos_block'
   servos_block(servos, i);
   ^~~~~~~~~~~~
../src/testperiph.c:308:6: note: declared here
 void servos_block(XTmrCtr* servo) {
      ^~~~~~~~~~~~
../src/testperiph.c:327:18: warning: passing argument 1 of 'servos_unblock' from incompatible pointer type [-Wincompatible-pointer-types]
   servos_unblock(servos, i);
                  ^~~~~~
../src/testperiph.c:314:6: note: expected 'XTmrCtr * {aka struct <anonymous> *}' but argument is of type 'XGpio * {aka struct <anonymous> *}'
 void servos_unblock(XTmrCtr* servo) {
      ^~~~~~~~~~~~~~
../src/testperiph.c:327:3: error: too many arguments to function 'servos_unblock'
   servos_unblock(servos, i);
   ^~~~~~~~~~~~~~
../src/testperiph.c:314:6: note: declared here
 void servos_unblock(XTmrCtr* servo) {
      ^~~~~~~~~~~~~~
make: *** [src/subdir.mk:35: src/testperiph.o] Error 1
04:51:21 **** Auto Build of configuration Debug for project SW ****
make all 
'Building file: ../src/testperiph.c'
'Invoking: MicroBlaze gcc compiler'
mb-gcc -Wall -O0 -g3 -c -fmessage-length=0 -MT"src/testperiph.o" -I../../SW_bsp/microblaze_0/include -mlittle-endian -mcpu=v11.0 -mxl-soft-mul -Wl,--no-relax -ffunction-sections -fdata-sections -MMD -MP -MF"src/testperiph.d" -MT"src/testperiph.o" -o "src/testperiph.o" "../src/testperiph.c"
../src/testperiph.c: In function 'pwm':
../src/testperiph.c:225:5: warning: variable 'DutyCycle' set but not used [-Wunused-but-set-variable]
  u8 DutyCycle;
     ^~~~~~~~~
../src/testperiph.c: In function 'servos_test':
../src/testperiph.c:325:38: error: 'i' undeclared (first use in this function)
  xil_printf("Unblocking Servo 0...", i);
                                      ^
../src/testperiph.c:325:38: note: each undeclared identifier is reported only once for each function it appears in
make: *** [src/subdir.mk:35: src/testperiph.o] Error 1
04:51:26 **** Auto Build of configuration Debug for project SW ****
make all 
'Building file: ../src/testperiph.c'
'Invoking: MicroBlaze gcc compiler'
mb-gcc -Wall -O0 -g3 -c -fmessage-length=0 -MT"src/testperiph.o" -I../../SW_bsp/microblaze_0/include -mlittle-endian -mcpu=v11.0 -mxl-soft-mul -Wl,--no-relax -ffunction-sections -fdata-sections -MMD -MP -MF"src/testperiph.d" -MT"src/testperiph.o" -o "src/testperiph.o" "../src/testperiph.c"
../src/testperiph.c: In function 'pwm':
../src/testperiph.c:225:5: warning: variable 'DutyCycle' set but not used [-Wunused-but-set-variable]
  u8 DutyCycle;
     ^~~~~~~~~
'Finished building: ../src/testperiph.c'
' '
'Building target: SW.elf'
'Invoking: MicroBlaze gcc linker'
mb-gcc -Wl,-T -Wl,../src/lscript.ld -L../../SW_bsp/microblaze_0/lib -mlittle-endian -mcpu=v11.0 -mxl-soft-mul -Wl,--no-relax -Wl,--gc-sections -o "SW.elf"  ./src/testperiph.o ./src/xgpio_tapp_example.o ./src/xintc_tapp_example.o ./src/xtmrctr_intr_example.o ./src/xtmrctr_selftest_example.o   -Wl,--start-group,-lxil,-lgcc,-lc,--end-group
'Finished building target: SW.elf'
' '
'Invoking: MicroBlaze Print Size'
mb-size SW.elf  |tee "SW.elf.size"
   text	   data	    bss	    dec	    hex	filename
  17156	    380	   3120	  20656	   50b0	SW.elf
'Finished building: SW.elf.size'
' '
04:51:36 **** Auto Build of configuration Debug for project SW ****
make all 
'Building file: ../src/testperiph.c'
'Invoking: MicroBlaze gcc compiler'
mb-gcc -Wall -O0 -g3 -c -fmessage-length=0 -MT"src/testperiph.o" -I../../SW_bsp/microblaze_0/include -mlittle-endian -mcpu=v11.0 -mxl-soft-mul -Wl,--no-relax -ffunction-sections -fdata-sections -MMD -MP -MF"src/testperiph.d" -MT"src/testperiph.o" -o "src/testperiph.o" "../src/testperiph.c"
../src/testperiph.c: In function 'pwm':
../src/testperiph.c:225:5: warning: variable 'DutyCycle' set but not used [-Wunused-but-set-variable]
  u8 DutyCycle;
     ^~~~~~~~~
'Finished building: ../src/testperiph.c'
' '
'Building target: SW.elf'
'Invoking: MicroBlaze gcc linker'
mb-gcc -Wl,-T -Wl,../src/lscript.ld -L../../SW_bsp/microblaze_0/lib -mlittle-endian -mcpu=v11.0 -mxl-soft-mul -Wl,--no-relax -Wl,--gc-sections -o "SW.elf"  ./src/testperiph.o ./src/xgpio_tapp_example.o ./src/xintc_tapp_example.o ./src/xtmrctr_intr_example.o ./src/xtmrctr_selftest_example.o   -Wl,--start-group,-lxil,-lgcc,-lc,--end-group
'Finished building target: SW.elf'
' '
'Invoking: MicroBlaze Print Size'
mb-size SW.elf  |tee "SW.elf.size"
   text	   data	    bss	    dec	    hex	filename
  17156	    380	   3120	  20656	   50b0	SW.elf
'Finished building: SW.elf.size'
' '
04:52:54 **** Auto Build of configuration Debug for project SW ****
make all 
'Building file: ../src/testperiph.c'
'Invoking: MicroBlaze gcc compiler'
mb-gcc -Wall -O0 -g3 -c -fmessage-length=0 -MT"src/testperiph.o" -I../../SW_bsp/microblaze_0/include -mlittle-endian -mcpu=v11.0 -mxl-soft-mul -Wl,--no-relax -ffunction-sections -fdata-sections -MMD -MP -MF"src/testperiph.d" -MT"src/testperiph.o" -o "src/testperiph.o" "../src/testperiph.c"
../src/testperiph.c: In function 'pwm':
../src/testperiph.c:225:5: warning: variable 'DutyCycle' set but not used [-Wunused-but-set-variable]
  u8 DutyCycle;
     ^~~~~~~~~
'Finished building: ../src/testperiph.c'
' '
'Building target: SW.elf'
'Invoking: MicroBlaze gcc linker'
mb-gcc -Wl,-T -Wl,../src/lscript.ld -L../../SW_bsp/microblaze_0/lib -mlittle-endian -mcpu=v11.0 -mxl-soft-mul -Wl,--no-relax -Wl,--gc-sections -o "SW.elf"  ./src/testperiph.o ./src/xgpio_tapp_example.o ./src/xintc_tapp_example.o ./src/xtmrctr_intr_example.o ./src/xtmrctr_selftest_example.o   -Wl,--start-group,-lxil,-lgcc,-lc,--end-group
'Finished building target: SW.elf'
' '
'Invoking: MicroBlaze Print Size'
mb-size SW.elf  |tee "SW.elf.size"
   text	   data	    bss	    dec	    hex	filename
  17244	    380	   3120	  20744	   5108	SW.elf
'Finished building: SW.elf.size'
' '
04:53:22 **** Auto Build of configuration Debug for project SW ****
make all 
'Building file: ../src/testperiph.c'
'Invoking: MicroBlaze gcc compiler'
mb-gcc -Wall -O0 -g3 -c -fmessage-length=0 -MT"src/testperiph.o" -I../../SW_bsp/microblaze_0/include -mlittle-endian -mcpu=v11.0 -mxl-soft-mul -Wl,--no-relax -ffunction-sections -fdata-sections -MMD -MP -MF"src/testperiph.d" -MT"src/testperiph.o" -o "src/testperiph.o" "../src/testperiph.c"
../src/testperiph.c: In function 'pwm':
../src/testperiph.c:225:5: warning: variable 'DutyCycle' set but not used [-Wunused-but-set-variable]
  u8 DutyCycle;
     ^~~~~~~~~
'Finished building: ../src/testperiph.c'
' '
'Building target: SW.elf'
'Invoking: MicroBlaze gcc linker'
mb-gcc -Wl,-T -Wl,../src/lscript.ld -L../../SW_bsp/microblaze_0/lib -mlittle-endian -mcpu=v11.0 -mxl-soft-mul -Wl,--no-relax -Wl,--gc-sections -o "SW.elf"  ./src/testperiph.o ./src/xgpio_tapp_example.o ./src/xintc_tapp_example.o ./src/xtmrctr_intr_example.o ./src/xtmrctr_selftest_example.o   -Wl,--start-group,-lxil,-lgcc,-lc,--end-group
'Finished building target: SW.elf'
' '
'Invoking: MicroBlaze Print Size'
mb-size SW.elf  |tee "SW.elf.size"
   text	   data	    bss	    dec	    hex	filename
  17244	    380	   3120	  20744	   5108	SW.elf
'Finished building: SW.elf.size'
' '
04:57:08 **** Auto Build of configuration Debug for project SW ****
make all 
'Building file: ../src/testperiph.c'
'Invoking: MicroBlaze gcc compiler'
mb-gcc -Wall -O0 -g3 -c -fmessage-length=0 -MT"src/testperiph.o" -I../../SW_bsp/microblaze_0/include -mlittle-endian -mcpu=v11.0 -mxl-soft-mul -Wl,--no-relax -ffunction-sections -fdata-sections -MMD -MP -MF"src/testperiph.d" -MT"src/testperiph.o" -o "src/testperiph.o" "../src/testperiph.c"
../src/testperiph.c: In function 'pwm':
../src/testperiph.c:225:5: warning: variable 'DutyCycle' set but not used [-Wunused-but-set-variable]
  u8 DutyCycle;
     ^~~~~~~~~
../src/testperiph.c: In function 'main':
../src/testperiph.c:355:15: error: 'servos' undeclared (first use in this function); did you mean 'servo_2'?
  servos_init(&servos);
               ^~~~~~
               servo_2
../src/testperiph.c:355:15: note: each undeclared identifier is reported only once for each function it appears in
../src/testperiph.c:355:2: error: too few arguments to function 'servos_init'
  servos_init(&servos);
  ^~~~~~~~~~~
../src/testperiph.c:290:6: note: declared here
 void servos_init(XTmrCtr* servo_0, XTmrCtr* servo_1, XTmrCtr* servo_2) {
      ^~~~~~~~~~~
../src/testperiph.c:358:2: warning: implicit declaration of function 'infer_init'; did you mean 'belt_init'? [-Wimplicit-function-declaration]
  infer_init(&infer);
  ^~~~~~~~~~
  belt_init
../src/testperiph.c:371:3: warning: implicit declaration of function 'infer_stop' [-Wimplicit-function-declaration]
   infer_stop(&infer);
   ^~~~~~~~~~
../src/testperiph.c:373:13: warning: implicit declaration of function 'infer_capture'; did you mean 'cam_capture'? [-Wimplicit-function-declaration]
   u32 val = infer_capture(&infer);
             ^~~~~~~~~~~~~
             cam_capture
../src/testperiph.c:378:4: error: too many arguments to function 'servos_block'
    servos_block(&servos, 0);
    ^~~~~~~~~~~~
../src/testperiph.c:308:6: note: declared here
 void servos_block(XTmrCtr* servo) {
      ^~~~~~~~~~~~
../src/testperiph.c:381:4: error: too many arguments to function 'servos_block'
    servos_block(&servos, 1);
    ^~~~~~~~~~~~
../src/testperiph.c:308:6: note: declared here
 void servos_block(XTmrCtr* servo) {
      ^~~~~~~~~~~~
../src/testperiph.c:384:4: error: too many arguments to function 'servos_block'
    servos_block(&servos, 2);
    ^~~~~~~~~~~~
../src/testperiph.c:308:6: note: declared here
 void servos_block(XTmrCtr* servo) {
      ^~~~~~~~~~~~
../src/testperiph.c:387:4: error: too many arguments to function 'servos_block'
    servos_block(&servos, 3);
    ^~~~~~~~~~~~
../src/testperiph.c:308:6: note: declared here
 void servos_block(XTmrCtr* servo) {
      ^~~~~~~~~~~~
../src/testperiph.c:392:3: warning: implicit declaration of function 'infer_start'; did you mean 'va_start'? [-Wimplicit-function-declaration]
   infer_start(&infer);
   ^~~~~~~~~~~
   va_start
../src/testperiph.c:396:4: error: too many arguments to function 'servos_unblock'
    servos_unblock(&servos, id);
    ^~~~~~~~~~~~~~
../src/testperiph.c:314:6: note: declared here
 void servos_unblock(XTmrCtr* servo) {
      ^~~~~~~~~~~~~~
../src/testperiph.c:354:28: warning: unused variable 'servo_2' [-Wunused-variable]
  XTmrCtr servo_0, servo_1, servo_2;
                            ^~~~~~~
../src/testperiph.c:354:19: warning: unused variable 'servo_1' [-Wunused-variable]
  XTmrCtr servo_0, servo_1, servo_2;
                   ^~~~~~~
../src/testperiph.c:354:10: warning: unused variable 'servo_0' [-Wunused-variable]
  XTmrCtr servo_0, servo_1, servo_2;
          ^~~~~~~
make: *** [src/subdir.mk:35: src/testperiph.o] Error 1
04:57:24 **** Auto Build of configuration Debug for project SW ****
make all 
'Building file: ../src/testperiph.c'
'Invoking: MicroBlaze gcc compiler'
mb-gcc -Wall -O0 -g3 -c -fmessage-length=0 -MT"src/testperiph.o" -I../../SW_bsp/microblaze_0/include -mlittle-endian -mcpu=v11.0 -mxl-soft-mul -Wl,--no-relax -ffunction-sections -fdata-sections -MMD -MP -MF"src/testperiph.d" -MT"src/testperiph.o" -o "src/testperiph.o" "../src/testperiph.c"
../src/testperiph.c: In function 'pwm':
../src/testperiph.c:225:5: warning: variable 'DutyCycle' set but not used [-Wunused-but-set-variable]
  u8 DutyCycle;
     ^~~~~~~~~
../src/testperiph.c: In function 'main':
../src/testperiph.c:358:2: warning: implicit declaration of function 'infer_init'; did you mean 'belt_init'? [-Wimplicit-function-declaration]
  infer_init(&infer);
  ^~~~~~~~~~
  belt_init
../src/testperiph.c:371:3: warning: implicit declaration of function 'infer_stop' [-Wimplicit-function-declaration]
   infer_stop(&infer);
   ^~~~~~~~~~
../src/testperiph.c:373:13: warning: implicit declaration of function 'infer_capture'; did you mean 'cam_capture'? [-Wimplicit-function-declaration]
   u32 val = infer_capture(&infer);
             ^~~~~~~~~~~~~
             cam_capture
../src/testperiph.c:378:18: error: 'servos' undeclared (first use in this function); did you mean 'servo_2'?
    servos_block(&servos, 0);
                  ^~~~~~
                  servo_2
../src/testperiph.c:378:18: note: each undeclared identifier is reported only once for each function it appears in
../src/testperiph.c:378:4: error: too many arguments to function 'servos_block'
    servos_block(&servos, 0);
    ^~~~~~~~~~~~
../src/testperiph.c:308:6: note: declared here
 void servos_block(XTmrCtr* servo) {
      ^~~~~~~~~~~~
../src/testperiph.c:381:4: error: too many arguments to function 'servos_block'
    servos_block(&servos, 1);
    ^~~~~~~~~~~~
../src/testperiph.c:308:6: note: declared here
 void servos_block(XTmrCtr* servo) {
      ^~~~~~~~~~~~
../src/testperiph.c:384:4: error: too many arguments to function 'servos_block'
    servos_block(&servos, 2);
    ^~~~~~~~~~~~
../src/testperiph.c:308:6: note: declared here
 void servos_block(XTmrCtr* servo) {
      ^~~~~~~~~~~~
../src/testperiph.c:387:4: error: too many arguments to function 'servos_block'
    servos_block(&servos, 3);
    ^~~~~~~~~~~~
../src/testperiph.c:308:6: note: declared here
 void servos_block(XTmrCtr* servo) {
      ^~~~~~~~~~~~
../src/testperiph.c:392:3: warning: implicit declaration of function 'infer_start'; did you mean 'va_start'? [-Wimplicit-function-declaration]
   infer_start(&infer);
   ^~~~~~~~~~~
   va_start
../src/testperiph.c:396:4: error: too many arguments to function 'servos_unblock'
    servos_unblock(&servos, id);
    ^~~~~~~~~~~~~~
../src/testperiph.c:314:6: note: declared here
 void servos_unblock(XTmrCtr* servo) {
      ^~~~~~~~~~~~~~
make: *** [src/subdir.mk:35: src/testperiph.o] Error 1
04:57:31 **** Auto Build of configuration Debug for project SW ****
make all 
'Building file: ../src/testperiph.c'
'Invoking: MicroBlaze gcc compiler'
mb-gcc -Wall -O0 -g3 -c -fmessage-length=0 -MT"src/testperiph.o" -I../../SW_bsp/microblaze_0/include -mlittle-endian -mcpu=v11.0 -mxl-soft-mul -Wl,--no-relax -ffunction-sections -fdata-sections -MMD -MP -MF"src/testperiph.d" -MT"src/testperiph.o" -o "src/testperiph.o" "../src/testperiph.c"
../src/testperiph.c: In function 'pwm':
../src/testperiph.c:225:5: warning: variable 'DutyCycle' set but not used [-Wunused-but-set-variable]
  u8 DutyCycle;
     ^~~~~~~~~
../src/testperiph.c: In function 'main':
../src/testperiph.c:358:2: warning: implicit declaration of function 'infer_init'; did you mean 'belt_init'? [-Wimplicit-function-declaration]
  infer_init(&infer);
  ^~~~~~~~~~
  belt_init
../src/testperiph.c:358:14: error: 'infer' undeclared (first use in this function); did you mean 'index'?
  infer_init(&infer);
              ^~~~~
              index
../src/testperiph.c:358:14: note: each undeclared identifier is reported only once for each function it appears in
../src/testperiph.c:371:3: warning: implicit declaration of function 'infer_stop' [-Wimplicit-function-declaration]
   infer_stop(&infer);
   ^~~~~~~~~~
../src/testperiph.c:373:13: warning: implicit declaration of function 'infer_capture'; did you mean 'cam_capture'? [-Wimplicit-function-declaration]
   u32 val = infer_capture(&infer);
             ^~~~~~~~~~~~~
             cam_capture
../src/testperiph.c:378:18: error: 'servos' undeclared (first use in this function); did you mean 'servo_2'?
    servos_block(&servos, 0);
                  ^~~~~~
                  servo_2
../src/testperiph.c:378:4: error: too many arguments to function 'servos_block'
    servos_block(&servos, 0);
    ^~~~~~~~~~~~
../src/testperiph.c:308:6: note: declared here
 void servos_block(XTmrCtr* servo) {
      ^~~~~~~~~~~~
../src/testperiph.c:381:4: error: too many arguments to function 'servos_block'
    servos_block(&servos, 1);
    ^~~~~~~~~~~~
../src/testperiph.c:308:6: note: declared here
 void servos_block(XTmrCtr* servo) {
      ^~~~~~~~~~~~
../src/testperiph.c:384:4: error: too many arguments to function 'servos_block'
    servos_block(&servos, 2);
    ^~~~~~~~~~~~
../src/testperiph.c:308:6: note: declared here
 void servos_block(XTmrCtr* servo) {
      ^~~~~~~~~~~~
../src/testperiph.c:387:4: error: too many arguments to function 'servos_block'
    servos_block(&servos, 3);
    ^~~~~~~~~~~~
../src/testperiph.c:308:6: note: declared here
 void servos_block(XTmrCtr* servo) {
      ^~~~~~~~~~~~
../src/testperiph.c:392:3: warning: implicit declaration of function 'infer_start'; did you mean 'va_start'? [-Wimplicit-function-declaration]
   infer_start(&infer);
   ^~~~~~~~~~~
   va_start
../src/testperiph.c:396:4: error: too many arguments to function 'servos_unblock'
    servos_unblock(&servos, id);
    ^~~~~~~~~~~~~~
../src/testperiph.c:314:6: note: declared here
 void servos_unblock(XTmrCtr* servo) {
      ^~~~~~~~~~~~~~
../src/testperiph.c:357:8: warning: unused variable 'cam' [-Wunused-variable]
  XGpio cam;
        ^~~
make: *** [src/subdir.mk:35: src/testperiph.o] Error 1
04:57:44 **** Auto Build of configuration Debug for project SW ****
make all 
'Building file: ../src/testperiph.c'
'Invoking: MicroBlaze gcc compiler'
mb-gcc -Wall -O0 -g3 -c -fmessage-length=0 -MT"src/testperiph.o" -I../../SW_bsp/microblaze_0/include -mlittle-endian -mcpu=v11.0 -mxl-soft-mul -Wl,--no-relax -ffunction-sections -fdata-sections -MMD -MP -MF"src/testperiph.d" -MT"src/testperiph.o" -o "src/testperiph.o" "../src/testperiph.c"
../src/testperiph.c: In function 'pwm':
../src/testperiph.c:225:5: warning: variable 'DutyCycle' set but not used [-Wunused-but-set-variable]
  u8 DutyCycle;
     ^~~~~~~~~
../src/testperiph.c: In function 'main':
../src/testperiph.c:370:3: warning: implicit declaration of function 'infer_stop' [-Wimplicit-function-declaration]
   infer_stop(&infer);
   ^~~~~~~~~~
../src/testperiph.c:370:15: error: 'infer' undeclared (first use in this function); did you mean 'index'?
   infer_stop(&infer);
               ^~~~~
               index
../src/testperiph.c:370:15: note: each undeclared identifier is reported only once for each function it appears in
../src/testperiph.c:372:13: warning: implicit declaration of function 'infer_capture'; did you mean 'cam_capture'? [-Wimplicit-function-declaration]
   u32 val = infer_capture(&infer);
             ^~~~~~~~~~~~~
             cam_capture
../src/testperiph.c:377:18: error: 'servos' undeclared (first use in this function); did you mean 'servo_2'?
    servos_block(&servos, 0);
                  ^~~~~~
                  servo_2
../src/testperiph.c:377:4: error: too many arguments to function 'servos_block'
    servos_block(&servos, 0);
    ^~~~~~~~~~~~
../src/testperiph.c:308:6: note: declared here
 void servos_block(XTmrCtr* servo) {
      ^~~~~~~~~~~~
../src/testperiph.c:380:4: error: too many arguments to function 'servos_block'
    servos_block(&servos, 1);
    ^~~~~~~~~~~~
../src/testperiph.c:308:6: note: declared here
 void servos_block(XTmrCtr* servo) {
      ^~~~~~~~~~~~
../src/testperiph.c:383:4: error: too many arguments to function 'servos_block'
    servos_block(&servos, 2);
    ^~~~~~~~~~~~
../src/testperiph.c:308:6: note: declared here
 void servos_block(XTmrCtr* servo) {
      ^~~~~~~~~~~~
../src/testperiph.c:386:4: error: too many arguments to function 'servos_block'
    servos_block(&servos, 3);
    ^~~~~~~~~~~~
../src/testperiph.c:308:6: note: declared here
 void servos_block(XTmrCtr* servo) {
      ^~~~~~~~~~~~
../src/testperiph.c:391:3: warning: implicit declaration of function 'infer_start'; did you mean 'va_start'? [-Wimplicit-function-declaration]
   infer_start(&infer);
   ^~~~~~~~~~~
   va_start
../src/testperiph.c:395:4: error: too many arguments to function 'servos_unblock'
    servos_unblock(&servos, id);
    ^~~~~~~~~~~~~~
../src/testperiph.c:314:6: note: declared here
 void servos_unblock(XTmrCtr* servo) {
      ^~~~~~~~~~~~~~
make: *** [src/subdir.mk:35: src/testperiph.o] Error 1
04:57:53 **** Auto Build of configuration Debug for project SW ****
make all 
'Building file: ../src/testperiph.c'
'Invoking: MicroBlaze gcc compiler'
mb-gcc -Wall -O0 -g3 -c -fmessage-length=0 -MT"src/testperiph.o" -I../../SW_bsp/microblaze_0/include -mlittle-endian -mcpu=v11.0 -mxl-soft-mul -Wl,--no-relax -ffunction-sections -fdata-sections -MMD -MP -MF"src/testperiph.d" -MT"src/testperiph.o" -o "src/testperiph.o" "../src/testperiph.c"
../src/testperiph.c: In function 'pwm':
../src/testperiph.c:225:5: warning: variable 'DutyCycle' set but not used [-Wunused-but-set-variable]
  u8 DutyCycle;
     ^~~~~~~~~
../src/testperiph.c: In function 'main':
../src/testperiph.c:368:3: warning: implicit declaration of function 'infer_stop' [-Wimplicit-function-declaration]
   infer_stop(&infer);
   ^~~~~~~~~~
../src/testperiph.c:368:15: error: 'infer' undeclared (first use in this function); did you mean 'index'?
   infer_stop(&infer);
               ^~~~~
               index
../src/testperiph.c:368:15: note: each undeclared identifier is reported only once for each function it appears in
../src/testperiph.c:370:13: warning: implicit declaration of function 'infer_capture'; did you mean 'cam_capture'? [-Wimplicit-function-declaration]
   u32 val = infer_capture(&infer);
             ^~~~~~~~~~~~~
             cam_capture
../src/testperiph.c:375:18: error: 'servos' undeclared (first use in this function); did you mean 'servo_2'?
    servos_block(&servos, 0);
                  ^~~~~~
                  servo_2
../src/testperiph.c:375:4: error: too many arguments to function 'servos_block'
    servos_block(&servos, 0);
    ^~~~~~~~~~~~
../src/testperiph.c:308:6: note: declared here
 void servos_block(XTmrCtr* servo) {
      ^~~~~~~~~~~~
../src/testperiph.c:378:4: error: too many arguments to function 'servos_block'
    servos_block(&servos, 1);
    ^~~~~~~~~~~~
../src/testperiph.c:308:6: note: declared here
 void servos_block(XTmrCtr* servo) {
      ^~~~~~~~~~~~
../src/testperiph.c:381:4: error: too many arguments to function 'servos_block'
    servos_block(&servos, 2);
    ^~~~~~~~~~~~
../src/testperiph.c:308:6: note: declared here
 void servos_block(XTmrCtr* servo) {
      ^~~~~~~~~~~~
../src/testperiph.c:384:4: error: too many arguments to function 'servos_block'
    servos_block(&servos, 3);
    ^~~~~~~~~~~~
../src/testperiph.c:308:6: note: declared here
 void servos_block(XTmrCtr* servo) {
      ^~~~~~~~~~~~
../src/testperiph.c:389:3: warning: implicit declaration of function 'infer_start'; did you mean 'va_start'? [-Wimplicit-function-declaration]
   infer_start(&infer);
   ^~~~~~~~~~~
   va_start
../src/testperiph.c:393:4: error: too many arguments to function 'servos_unblock'
    servos_unblock(&servos, id);
    ^~~~~~~~~~~~~~
../src/testperiph.c:314:6: note: declared here
 void servos_unblock(XTmrCtr* servo) {
      ^~~~~~~~~~~~~~
make: *** [src/subdir.mk:35: src/testperiph.o] Error 1
04:58:23 **** Auto Build of configuration Debug for project SW ****
make all 
'Building file: ../src/testperiph.c'
'Invoking: MicroBlaze gcc compiler'
mb-gcc -Wall -O0 -g3 -c -fmessage-length=0 -MT"src/testperiph.o" -I../../SW_bsp/microblaze_0/include -mlittle-endian -mcpu=v11.0 -mxl-soft-mul -Wl,--no-relax -ffunction-sections -fdata-sections -MMD -MP -MF"src/testperiph.d" -MT"src/testperiph.o" -o "src/testperiph.o" "../src/testperiph.c"
../src/testperiph.c: In function 'pwm':
../src/testperiph.c:225:5: warning: variable 'DutyCycle' set but not used [-Wunused-but-set-variable]
  u8 DutyCycle;
     ^~~~~~~~~
../src/testperiph.c: In function 'main':
../src/testperiph.c:369:3: warning: implicit declaration of function 'infer_stop' [-Wimplicit-function-declaration]
   infer_stop(&infer);
   ^~~~~~~~~~
../src/testperiph.c:369:15: error: 'infer' undeclared (first use in this function); did you mean 'index'?
   infer_stop(&infer);
               ^~~~~
               index
../src/testperiph.c:369:15: note: each undeclared identifier is reported only once for each function it appears in
../src/testperiph.c:371:13: warning: implicit declaration of function 'infer_capture'; did you mean 'cam_capture'? [-Wimplicit-function-declaration]
   u32 val = infer_capture(&infer);
             ^~~~~~~~~~~~~
             cam_capture
../src/testperiph.c:376:18: error: 'servos' undeclared (first use in this function); did you mean 'servo_2'?
    servos_block(&servos, 0);
                  ^~~~~~
                  servo_2
../src/testperiph.c:376:4: error: too many arguments to function 'servos_block'
    servos_block(&servos, 0);
    ^~~~~~~~~~~~
../src/testperiph.c:308:6: note: declared here
 void servos_block(XTmrCtr* servo) {
      ^~~~~~~~~~~~
../src/testperiph.c:379:4: error: too many arguments to function 'servos_block'
    servos_block(&servos, 1);
    ^~~~~~~~~~~~
../src/testperiph.c:308:6: note: declared here
 void servos_block(XTmrCtr* servo) {
      ^~~~~~~~~~~~
../src/testperiph.c:382:4: error: too many arguments to function 'servos_block'
    servos_block(&servos, 2);
    ^~~~~~~~~~~~
../src/testperiph.c:308:6: note: declared here
 void servos_block(XTmrCtr* servo) {
      ^~~~~~~~~~~~
../src/testperiph.c:385:4: error: too many arguments to function 'servos_block'
    servos_block(&servos, 3);
    ^~~~~~~~~~~~
../src/testperiph.c:308:6: note: declared here
 void servos_block(XTmrCtr* servo) {
      ^~~~~~~~~~~~
../src/testperiph.c:390:3: warning: implicit declaration of function 'infer_start'; did you mean 'va_start'? [-Wimplicit-function-declaration]
   infer_start(&infer);
   ^~~~~~~~~~~
   va_start
../src/testperiph.c:394:4: error: too many arguments to function 'servos_unblock'
    servos_unblock(&servos, id);
    ^~~~~~~~~~~~~~
../src/testperiph.c:314:6: note: declared here
 void servos_unblock(XTmrCtr* servo) {
      ^~~~~~~~~~~~~~
make: *** [src/subdir.mk:35: src/testperiph.o] Error 1
04:58:47 **** Auto Build of configuration Debug for project SW ****
make all 
'Building file: ../src/testperiph.c'
'Invoking: MicroBlaze gcc compiler'
mb-gcc -Wall -O0 -g3 -c -fmessage-length=0 -MT"src/testperiph.o" -I../../SW_bsp/microblaze_0/include -mlittle-endian -mcpu=v11.0 -mxl-soft-mul -Wl,--no-relax -ffunction-sections -fdata-sections -MMD -MP -MF"src/testperiph.d" -MT"src/testperiph.o" -o "src/testperiph.o" "../src/testperiph.c"
../src/testperiph.c: In function 'pwm':
../src/testperiph.c:225:5: warning: variable 'DutyCycle' set but not used [-Wunused-but-set-variable]
  u8 DutyCycle;
     ^~~~~~~~~
../src/testperiph.c: In function 'main':
../src/testperiph.c:368:3: warning: implicit declaration of function 'infer_stop' [-Wimplicit-function-declaration]
   infer_stop(&infer);
   ^~~~~~~~~~
../src/testperiph.c:368:15: error: 'infer' undeclared (first use in this function); did you mean 'index'?
   infer_stop(&infer);
               ^~~~~
               index
../src/testperiph.c:368:15: note: each undeclared identifier is reported only once for each function it appears in
../src/testperiph.c:370:13: warning: implicit declaration of function 'infer_capture'; did you mean 'cam_capture'? [-Wimplicit-function-declaration]
   u32 val = infer_capture(&infer);
             ^~~~~~~~~~~~~
             cam_capture
../src/testperiph.c:375:18: error: 'servos' undeclared (first use in this function); did you mean 'servo_2'?
    servos_block(&servos, 0);
                  ^~~~~~
                  servo_2
../src/testperiph.c:375:4: error: too many arguments to function 'servos_block'
    servos_block(&servos, 0);
    ^~~~~~~~~~~~
../src/testperiph.c:308:6: note: declared here
 void servos_block(XTmrCtr* servo) {
      ^~~~~~~~~~~~
../src/testperiph.c:378:4: error: too many arguments to function 'servos_block'
    servos_block(&servos, 1);
    ^~~~~~~~~~~~
../src/testperiph.c:308:6: note: declared here
 void servos_block(XTmrCtr* servo) {
      ^~~~~~~~~~~~
../src/testperiph.c:381:4: error: too many arguments to function 'servos_block'
    servos_block(&servos, 2);
    ^~~~~~~~~~~~
../src/testperiph.c:308:6: note: declared here
 void servos_block(XTmrCtr* servo) {
      ^~~~~~~~~~~~
../src/testperiph.c:384:4: error: too many arguments to function 'servos_block'
    servos_block(&servos, 3);
    ^~~~~~~~~~~~
../src/testperiph.c:308:6: note: declared here
 void servos_block(XTmrCtr* servo) {
      ^~~~~~~~~~~~
../src/testperiph.c:389:3: warning: implicit declaration of function 'infer_start'; did you mean 'va_start'? [-Wimplicit-function-declaration]
   infer_start(&infer);
   ^~~~~~~~~~~
   va_start
../src/testperiph.c:393:4: error: too many arguments to function 'servos_unblock'
    servos_unblock(&servos, id);
    ^~~~~~~~~~~~~~
../src/testperiph.c:314:6: note: declared here
 void servos_unblock(XTmrCtr* servo) {
      ^~~~~~~~~~~~~~
make: *** [src/subdir.mk:35: src/testperiph.o] Error 1
05:00:29 **** Auto Build of configuration Debug for project SW ****
make all 
'Building file: ../src/testperiph.c'
'Invoking: MicroBlaze gcc compiler'
mb-gcc -Wall -O0 -g3 -c -fmessage-length=0 -MT"src/testperiph.o" -I../../SW_bsp/microblaze_0/include -mlittle-endian -mcpu=v11.0 -mxl-soft-mul -Wl,--no-relax -ffunction-sections -fdata-sections -MMD -MP -MF"src/testperiph.d" -MT"src/testperiph.o" -o "src/testperiph.o" "../src/testperiph.c"
../src/testperiph.c: In function 'pwm':
../src/testperiph.c:225:5: warning: variable 'DutyCycle' set but not used [-Wunused-but-set-variable]
  u8 DutyCycle;
     ^~~~~~~~~
../src/testperiph.c: In function 'main':
../src/testperiph.c:367:3: error: expected ';' before 'xil_printf'
   xil_printf("Trigger camera to take a picture\n");
   ^~~~~~~~~~
../src/testperiph.c:368:3: warning: implicit declaration of function 'infer_stop' [-Wimplicit-function-declaration]
   infer_stop(&infer);
   ^~~~~~~~~~
../src/testperiph.c:368:15: error: 'infer' undeclared (first use in this function); did you mean 'index'?
   infer_stop(&infer);
               ^~~~~
               index
../src/testperiph.c:368:15: note: each undeclared identifier is reported only once for each function it appears in
../src/testperiph.c:370:13: warning: implicit declaration of function 'infer_capture'; did you mean 'cam_capture'? [-Wimplicit-function-declaration]
   u32 val = infer_capture(&infer);
             ^~~~~~~~~~~~~
             cam_capture
../src/testperiph.c:375:18: error: 'servos' undeclared (first use in this function); did you mean 'servo_2'?
    servos_block(&servos, 0);
                  ^~~~~~
                  servo_2
../src/testperiph.c:375:4: error: too many arguments to function 'servos_block'
    servos_block(&servos, 0);
    ^~~~~~~~~~~~
../src/testperiph.c:308:6: note: declared here
 void servos_block(XTmrCtr* servo) {
      ^~~~~~~~~~~~
../src/testperiph.c:378:4: error: too many arguments to function 'servos_block'
    servos_block(&servos, 1);
    ^~~~~~~~~~~~
../src/testperiph.c:308:6: note: declared here
 void servos_block(XTmrCtr* servo) {
      ^~~~~~~~~~~~
../src/testperiph.c:381:4: error: too many arguments to function 'servos_block'
    servos_block(&servos, 2);
    ^~~~~~~~~~~~
[...]
../src/testperiph.c: In function 'pwm':
../src/testperiph.c:225:5: warning: variable 'DutyCycle' set but not used [-Wunused-but-set-variable]
  u8 DutyCycle;
     ^~~~~~~~~
'Finished building: ../src/testperiph.c'
' '
'Building target: SW.elf'
'Invoking: MicroBlaze gcc linker'
mb-gcc -Wl,-T -Wl,../src/lscript.ld -L../../SW_bsp/microblaze_0/lib -mlittle-endian -mcpu=v11.0 -mxl-soft-mul -Wl,--no-relax -Wl,--gc-sections -o "SW.elf"  ./src/testperiph.o ./src/xgpio_tapp_example.o ./src/xintc_tapp_example.o ./src/xtmrctr_intr_example.o ./src/xtmrctr_selftest_example.o   -Wl,--start-group,-lxil,-lgcc,-lc,--end-group
'Finished building target: SW.elf'
' '
'Invoking: MicroBlaze Print Size'
mb-size SW.elf  |tee "SW.elf.size"
   text	   data	    bss	    dec	    hex	filename
  20172	    412	   2096	  22680	   5898	SW.elf
'Finished building: SW.elf.size'
' '
17:29:34 **** Auto Build of configuration Debug for project SW ****
make all 
'Building file: ../src/testperiph.c'
'Invoking: MicroBlaze gcc compiler'
mb-gcc -Wall -O0 -g3 -c -fmessage-length=0 -MT"src/testperiph.o" -I../../SW_bsp/microblaze_0/include -mlittle-endian -mcpu=v11.0 -mxl-soft-mul -Wl,--no-relax -ffunction-sections -fdata-sections -MMD -MP -MF"src/testperiph.d" -MT"src/testperiph.o" -o "src/testperiph.o" "../src/testperiph.c"
../src/testperiph.c: In function 'pwm':
../src/testperiph.c:225:5: warning: variable 'DutyCycle' set but not used [-Wunused-but-set-variable]
  u8 DutyCycle;
     ^~~~~~~~~
'Finished building: ../src/testperiph.c'
' '
'Building target: SW.elf'
'Invoking: MicroBlaze gcc linker'
mb-gcc -Wl,-T -Wl,../src/lscript.ld -L../../SW_bsp/microblaze_0/lib -mlittle-endian -mcpu=v11.0 -mxl-soft-mul -Wl,--no-relax -Wl,--gc-sections -o "SW.elf"  ./src/testperiph.o ./src/xgpio_tapp_example.o ./src/xintc_tapp_example.o ./src/xtmrctr_intr_example.o ./src/xtmrctr_selftest_example.o   -Wl,--start-group,-lxil,-lgcc,-lc,--end-group
'Finished building target: SW.elf'
' '
'Invoking: MicroBlaze Print Size'
mb-size SW.elf  |tee "SW.elf.size"
   text	   data	    bss	    dec	    hex	filename
  20172	    412	   2096	  22680	   5898	SW.elf
'Finished building: SW.elf.size'
' '
17:29:55 **** Incremental Build of configuration Debug for project SW ****
make all 
make: Nothing to be done for 'all'.
17:46:15 **** Incremental Build of configuration Debug for project SW ****
make all 
'Building file: ../src/testperiph.c'
'Invoking: MicroBlaze gcc compiler'
mb-gcc -Wall -O0 -g3 -c -fmessage-length=0 -MT"src/testperiph.o" -I../../SW_bsp/microblaze_0/include -mlittle-endian -mcpu=v11.0 -mxl-soft-mul -Wl,--no-relax -ffunction-sections -fdata-sections -MMD -MP -MF"src/testperiph.d" -MT"src/testperiph.o" -o "src/testperiph.o" "../src/testperiph.c"
../src/testperiph.c:32:10: fatal error: xil_cache.h: No such file or directory
 #include "xil_cache.h"
          ^~~~~~~~~~~~~
compilation terminated.
make: *** [src/subdir.mk:35: src/testperiph.o] Error 1
17:46:27 **** Auto Build of project SW_bsp ****
make -k all 
"Running Make include in microblaze_0/libsrc/bram_v4_2/src"
make -C microblaze_0/libsrc/bram_v4_2/src -s include  "SHELL=CMD" "COMPILER=mb-gcc" "ARCHIVER=mb-ar" "COMPILER_FLAGS=  -O2 -c -mcpu=v11.0 -mlittle-endian -mxl-soft-mul" "EXTRA_COMPILER_FLAGS=-ffunction-sections -fdata-sections -Wall -Wextra"
"Running Make include in microblaze_0/libsrc/cpu_v2_8/src"
make -C microblaze_0/libsrc/cpu_v2_8/src -s include  "SHELL=CMD" "COMPILER=mb-gcc" "ARCHIVER=mb-ar" "COMPILER_FLAGS=  -O2 -c -mcpu=v11.0 -mlittle-endian -mxl-soft-mul" "EXTRA_COMPILER_FLAGS=-ffunction-sections -fdata-sections -Wall -Wextra"
"Running Make include in microblaze_0/libsrc/gpio_v4_3/src"
make -C microblaze_0/libsrc/gpio_v4_3/src -s include  "SHELL=CMD" "COMPILER=mb-gcc" "ARCHIVER=mb-ar" "COMPILER_FLAGS=  -O2 -c -mcpu=v11.0 -mlittle-endian -mxl-soft-mul" "EXTRA_COMPILER_FLAGS=-ffunction-sections -fdata-sections -Wall -Wextra"
"Running Make include in microblaze_0/libsrc/intc_v3_8/src"
make -C microblaze_0/libsrc/intc_v3_8/src -s include  "SHELL=CMD" "COMPILER=mb-gcc" "ARCHIVER=mb-ar" "COMPILER_FLAGS=  -O2 -c -mcpu=v11.0 -mlittle-endian -mxl-soft-mul" "EXTRA_COMPILER_FLAGS=-ffunction-sections -fdata-sections -Wall -Wextra"
"Running Make include in microblaze_0/libsrc/standalone_v6_8/src"
make -C microblaze_0/libsrc/standalone_v6_8/src -s include  "SHELL=CMD" "COMPILER=mb-gcc" "ARCHIVER=mb-ar" "COMPILER_FLAGS=  -O2 -c -mcpu=v11.0 -mlittle-endian -mxl-soft-mul" "EXTRA_COMPILER_FLAGS=-ffunction-sections -fdata-sections -Wall -Wextra"
"Running Make include in microblaze_0/libsrc/tmrctr_v4_5/src"
make -C microblaze_0/libsrc/tmrctr_v4_5/src -s include  "SHELL=CMD" "COMPILER=mb-gcc" "ARCHIVER=mb-ar" "COMPILER_FLAGS=  -O2 -c -mcpu=v11.0 -mlittle-endian -mxl-soft-mul" "EXTRA_COMPILER_FLAGS=-ffunction-sections -fdata-sections -Wall -Wextra"
"Running Make include in microblaze_0/libsrc/uartlite_v3_2/src"
make -C microblaze_0/libsrc/uartlite_v3_2/src -s include  "SHELL=CMD" "COMPILER=mb-gcc" "ARCHIVER=mb-ar" "COMPILER_FLAGS=  -O2 -c -mcpu=v11.0 -mlittle-endian -mxl-soft-mul" "EXTRA_COMPILER_FLAGS=-ffunction-sections -fdata-sections -Wall -Wextra"
"Running Make libs in microblaze_0/libsrc/bram_v4_2/src"
make -C microblaze_0/libsrc/bram_v4_2/src -s libs  "SHELL=CMD" "COMPILER=mb-gcc" "ARCHIVER=mb-ar" "COMPILER_FLAGS=  -O2 -c -mcpu=v11.0 -mlittle-endian -mxl-soft-mul" "EXTRA_COMPILER_FLAGS=-ffunction-sections -fdata-sections -Wall -Wextra"
"Compiling bram"
mb-ar: creating ../../../lib/libxil.a
"Running Make libs in microblaze_0/libsrc/cpu_v2_8/src"
make -C microblaze_0/libsrc/cpu_v2_8/src -s libs  "SHELL=CMD" "COMPILER=mb-gcc" "ARCHIVER=mb-ar" "COMPILER_FLAGS=  -O2 -c -mcpu=v11.0 -mlittle-endian -mxl-soft-mul" "EXTRA_COMPILER_FLAGS=-ffunction-sections -fdata-sections -Wall -Wextra"
"Compiling cpu"
"Running Make libs in microblaze_0/libsrc/gpio_v4_3/src"
make -C microblaze_0/libsrc/gpio_v4_3/src -s libs  "SHELL=CMD" "COMPILER=mb-gcc" "ARCHIVER=mb-ar" "COMPILER_FLAGS=  -O2 -c -mcpu=v11.0 -mlittle-endian -mxl-soft-mul" "EXTRA_COMPILER_FLAGS=-ffunction-sections -fdata-sections -Wall -Wextra"
"Compiling gpio"
"Running Make libs in microblaze_0/libsrc/intc_v3_8/src"
make -C microblaze_0/libsrc/intc_v3_8/src -s libs  "SHELL=CMD" "COMPILER=mb-gcc" "ARCHIVER=mb-ar" "COMPILER_FLAGS=  -O2 -c -mcpu=v11.0 -mlittle-endian -mxl-soft-mul" "EXTRA_COMPILER_FLAGS=-ffunction-sections -fdata-sections -Wall -Wextra"
"Compiling intc"
"Running Make libs in microblaze_0/libsrc/standalone_v6_8/src"
make -C microblaze_0/libsrc/standalone_v6_8/src -s libs  "SHELL=CMD" "COMPILER=mb-gcc" "ARCHIVER=mb-ar" "COMPILER_FLAGS=  -O2 -c -mcpu=v11.0 -mlittle-endian -mxl-soft-mul" "EXTRA_COMPILER_FLAGS=-ffunction-sections -fdata-sections -Wall -Wextra"
"Compiling standalone";
microblaze_sleep.c:77:9: note: #pragma message: For the sleep routines, assembly instructions are used
 #pragma message ("For the sleep routines, assembly instructions are used")
         ^~~~~~~
"Running Make libs in microblaze_0/libsrc/tmrctr_v4_5/src"
make -C microblaze_0/libsrc/tmrctr_v4_5/src -s libs  "SHELL=CMD" "COMPILER=mb-gcc" "ARCHIVER=mb-ar" "COMPILER_FLAGS=  -O2 -c -mcpu=v11.0 -mlittle-endian -mxl-soft-mul" "EXTRA_COMPILER_FLAGS=-ffunction-sections -fdata-sections -Wall -Wextra"
"Compiling tmrctr"
"Running Make libs in microblaze_0/libsrc/uartlite_v3_2/src"
make -C microblaze_0/libsrc/uartlite_v3_2/src -s libs  "SHELL=CMD" "COMPILER=mb-gcc" "ARCHIVER=mb-ar" "COMPILER_FLAGS=  -O2 -c -mcpu=v11.0 -mlittle-endian -mxl-soft-mul" "EXTRA_COMPILER_FLAGS=-ffunction-sections -fdata-sections -Wall -Wextra"
"Compiling uartlite"
'Finished building libraries'
17:46:34 **** Auto Build of configuration Debug for project SW ****
make all 
'Building file: ../src/testperiph.c'
'Invoking: MicroBlaze gcc compiler'
mb-gcc -Wall -O0 -g3 -c -fmessage-length=0 -MT"src/testperiph.o" -I../../SW_bsp/microblaze_0/include -mlittle-endian -mcpu=v11.0 -mxl-soft-mul -Wl,--no-relax -ffunction-sections -fdata-sections -MMD -MP -MF"src/testperiph.d" -MT"src/testperiph.o" -o "src/testperiph.o" "../src/testperiph.c"
../src/testperiph.c: In function 'pwm':
../src/testperiph.c:225:5: warning: variable 'DutyCycle' set but not used [-Wunused-but-set-variable]
  u8 DutyCycle;
     ^~~~~~~~~
'Finished building: ../src/testperiph.c'
' '
'Building file: ../src/xgpio_tapp_example.c'
'Invoking: MicroBlaze gcc compiler'
mb-gcc -Wall -O0 -g3 -c -fmessage-length=0 -MT"src/xgpio_tapp_example.o" -I../../SW_bsp/microblaze_0/include -mlittle-endian -mcpu=v11.0 -mxl-soft-mul -Wl,--no-relax -ffunction-sections -fdata-sections -MMD -MP -MF"src/xgpio_tapp_example.d" -MT"src/xgpio_tapp_example.o" -o "src/xgpio_tapp_example.o" "../src/xgpio_tapp_example.c"
'Finished building: ../src/xgpio_tapp_example.c'
' '
'Building file: ../src/xintc_tapp_example.c'
'Invoking: MicroBlaze gcc compiler'
mb-gcc -Wall -O0 -g3 -c -fmessage-length=0 -MT"src/xintc_tapp_example.o" -I../../SW_bsp/microblaze_0/include -mlittle-endian -mcpu=v11.0 -mxl-soft-mul -Wl,--no-relax -ffunction-sections -fdata-sections -MMD -MP -MF"src/xintc_tapp_example.d" -MT"src/xintc_tapp_example.o" -o "src/xintc_tapp_example.o" "../src/xintc_tapp_example.c"
'Finished building: ../src/xintc_tapp_example.c'
' '
'Building file: ../src/xtmrctr_intr_example.c'
'Invoking: MicroBlaze gcc compiler'
mb-gcc -Wall -O0 -g3 -c -fmessage-length=0 -MT"src/xtmrctr_intr_example.o" -I../../SW_bsp/microblaze_0/include -mlittle-endian -mcpu=v11.0 -mxl-soft-mul -Wl,--no-relax -ffunction-sections -fdata-sections -MMD -MP -MF"src/xtmrctr_intr_example.d" -MT"src/xtmrctr_intr_example.o" -o "src/xtmrctr_intr_example.o" "../src/xtmrctr_intr_example.c"
'Finished building: ../src/xtmrctr_intr_example.c'
' '
'Building file: ../src/xtmrctr_selftest_example.c'
'Invoking: MicroBlaze gcc compiler'
mb-gcc -Wall -O0 -g3 -c -fmessage-length=0 -MT"src/xtmrctr_selftest_example.o" -I../../SW_bsp/microblaze_0/include -mlittle-endian -mcpu=v11.0 -mxl-soft-mul -Wl,--no-relax -ffunction-sections -fdata-sections -MMD -MP -MF"src/xtmrctr_selftest_example.d" -MT"src/xtmrctr_selftest_example.o" -o "src/xtmrctr_selftest_example.o" "../src/xtmrctr_selftest_example.c"
'Finished building: ../src/xtmrctr_selftest_example.c'
' '
'Building target: SW.elf'
'Invoking: MicroBlaze gcc linker'
mb-gcc -Wl,-T -Wl,../src/lscript.ld -L../../SW_bsp/microblaze_0/lib -mlittle-endian -mcpu=v11.0 -mxl-soft-mul -Wl,--no-relax -Wl,--gc-sections -o "SW.elf"  ./src/testperiph.o ./src/xgpio_tapp_example.o ./src/xintc_tapp_example.o ./src/xtmrctr_intr_example.o ./src/xtmrctr_selftest_example.o   -Wl,--start-group,-lxil,-lgcc,-lc,--end-group
'Finished building target: SW.elf'
' '
'Invoking: MicroBlaze Print Size'
mb-size SW.elf  |tee "SW.elf.size"
   text	   data	    bss	    dec	    hex	filename
  20172	    412	   2096	  22680	   5898	SW.elf
'Finished building: SW.elf.size'
' '
17:46:37 **** Clean-only build of configuration Debug for project SW ****
make clean 
rm -rf  ./src/testperiph.o ./src/xgpio_tapp_example.o ./src/xintc_tapp_example.o ./src/xtmrctr_intr_example.o ./src/xtmrctr_selftest_example.o  ./src/testperiph.d ./src/xgpio_tapp_example.d ./src/xintc_tapp_example.d ./src/xtmrctr_intr_example.d ./src/xtmrctr_selftest_example.d  SW.elf.size  SW.elf
' '
17:46:38 **** Auto Build of configuration Debug for project SW ****
make all 
'Building file: ../src/testperiph.c'
'Invoking: MicroBlaze gcc compiler'
mb-gcc -Wall -O0 -g3 -c -fmessage-length=0 -MT"src/testperiph.o" -I../../SW_bsp/microblaze_0/include -mlittle-endian -mcpu=v11.0 -mxl-soft-mul -Wl,--no-relax -ffunction-sections -fdata-sections -MMD -MP -MF"src/testperiph.d" -MT"src/testperiph.o" -o "src/testperiph.o" "../src/testperiph.c"
../src/testperiph.c: In function 'pwm':
../src/testperiph.c:225:5: warning: variable 'DutyCycle' set but not used [-Wunused-but-set-variable]
  u8 DutyCycle;
     ^~~~~~~~~
'Finished building: ../src/testperiph.c'
' '
'Building file: ../src/xgpio_tapp_example.c'
'Invoking: MicroBlaze gcc compiler'
mb-gcc -Wall -O0 -g3 -c -fmessage-length=0 -MT"src/xgpio_tapp_example.o" -I../../SW_bsp/microblaze_0/include -mlittle-endian -mcpu=v11.0 -mxl-soft-mul -Wl,--no-relax -ffunction-sections -fdata-sections -MMD -MP -MF"src/xgpio_tapp_example.d" -MT"src/xgpio_tapp_example.o" -o "src/xgpio_tapp_example.o" "../src/xgpio_tapp_example.c"
'Finished building: ../src/xgpio_tapp_example.c'
' '
'Building file: ../src/xintc_tapp_example.c'
'Invoking: MicroBlaze gcc compiler'
mb-gcc -Wall -O0 -g3 -c -fmessage-length=0 -MT"src/xintc_tapp_example.o" -I../../SW_bsp/microblaze_0/include -mlittle-endian -mcpu=v11.0 -mxl-soft-mul -Wl,--no-relax -ffunction-sections -fdata-sections -MMD -MP -MF"src/xintc_tapp_example.d" -MT"src/xintc_tapp_example.o" -o "src/xintc_tapp_example.o" "../src/xintc_tapp_example.c"
'Finished building: ../src/xintc_tapp_example.c'
' '
'Building file: ../src/xtmrctr_intr_example.c'
'Invoking: MicroBlaze gcc compiler'
mb-gcc -Wall -O0 -g3 -c -fmessage-length=0 -MT"src/xtmrctr_intr_example.o" -I../../SW_bsp/microblaze_0/include -mlittle-endian -mcpu=v11.0 -mxl-soft-mul -Wl,--no-relax -ffunction-sections -fdata-sections -MMD -MP -MF"src/xtmrctr_intr_example.d" -MT"src/xtmrctr_intr_example.o" -o "src/xtmrctr_intr_example.o" "../src/xtmrctr_intr_example.c"
'Finished building: ../src/xtmrctr_intr_example.c'
' '
'Building file: ../src/xtmrctr_selftest_example.c'
'Invoking: MicroBlaze gcc compiler'
mb-gcc -Wall -O0 -g3 -c -fmessage-length=0 -MT"src/xtmrctr_selftest_example.o" -I../../SW_bsp/microblaze_0/include -mlittle-endian -mcpu=v11.0 -mxl-soft-mul -Wl,--no-relax -ffunction-sections -fdata-sections -MMD -MP -MF"src/xtmrctr_selftest_example.d" -MT"src/xtmrctr_selftest_example.o" -o "src/xtmrctr_selftest_example.o" "../src/xtmrctr_selftest_example.c"
'Finished building: ../src/xtmrctr_selftest_example.c'
' '
'Building target: SW.elf'
'Invoking: MicroBlaze gcc linker'
mb-gcc -Wl,-T -Wl,../src/lscript.ld -L../../SW_bsp/microblaze_0/lib -mlittle-endian -mcpu=v11.0 -mxl-soft-mul -Wl,--no-relax -Wl,--gc-sections -o "SW.elf"  ./src/testperiph.o ./src/xgpio_tapp_example.o ./src/xintc_tapp_example.o ./src/xtmrctr_intr_example.o ./src/xtmrctr_selftest_example.o   -Wl,--start-group,-lxil,-lgcc,-lc,--end-group
'Finished building target: SW.elf'
' '
'Invoking: MicroBlaze Print Size'
mb-size SW.elf  |tee "SW.elf.size"
   text	   data	    bss	    dec	    hex	filename
  20172	    412	   2096	  22680	   5898	SW.elf
'Finished building: SW.elf.size'
' '
17:46:43 **** Incremental Build of configuration Debug for project SW ****
make all 
make: Nothing to be done for 'all'.
12:54:06 **** Incremental Build of configuration Debug for project SW ****
make all 
make: Nothing to be done for 'all'.
12:54:13 **** Incremental Build of configuration Debug for project SW ****
make all 
make: Nothing to be done for 'all'.
12:55:13 **** Auto Build of configuration Debug for project SW ****
make all 
'Building file: ../src/testperiph.c'
'Invoking: MicroBlaze gcc compiler'
mb-gcc -Wall -O0 -g3 -c -fmessage-length=0 -MT"src/testperiph.o" -I../../SW_bsp/microblaze_0/include -mlittle-endian -mcpu=v11.0 -mxl-soft-mul -Wl,--no-relax -ffunction-sections -fdata-sections -MMD -MP -MF"src/testperiph.d" -MT"src/testperiph.o" -o "src/testperiph.o" "../src/testperiph.c"
../src/testperiph.c: In function 'pwm':
../src/testperiph.c:225:5: warning: variable 'DutyCycle' set but not used [-Wunused-but-set-variable]
  u8 DutyCycle;
     ^~~~~~~~~
'Finished building: ../src/testperiph.c'
' '
'Building target: SW.elf'
'Invoking: MicroBlaze gcc linker'
mb-gcc -Wl,-T -Wl,../src/lscript.ld -L../../SW_bsp/microblaze_0/lib -mlittle-endian -mcpu=v11.0 -mxl-soft-mul -Wl,--no-relax -Wl,--gc-sections -o "SW.elf"  ./src/testperiph.o ./src/xgpio_tapp_example.o ./src/xintc_tapp_example.o ./src/xtmrctr_intr_example.o ./src/xtmrctr_selftest_example.o   -Wl,--start-group,-lxil,-lgcc,-lc,--end-group
'Finished building target: SW.elf'
' '
'Invoking: MicroBlaze Print Size'
mb-size SW.elf  |tee "SW.elf.size"
   text	   data	    bss	    dec	    hex	filename
  18580	    412	   2096	  21088	   5260	SW.elf
'Finished building: SW.elf.size'
' '
12:55:19 **** Incremental Build of configuration Debug for project SW ****
make all 
make: Nothing to be done for 'all'.
12:59:49 **** Auto Build of configuration Debug for project SW ****
make all 
'Building file: ../src/testperiph.c'
'Invoking: MicroBlaze gcc compiler'
mb-gcc -Wall -O0 -g3 -c -fmessage-length=0 -MT"src/testperiph.o" -I../../SW_bsp/microblaze_0/include -mlittle-endian -mcpu=v11.0 -mxl-soft-mul -Wl,--no-relax -ffunction-sections -fdata-sections -MMD -MP -MF"src/testperiph.d" -MT"src/testperiph.o" -o "src/testperiph.o" "../src/testperiph.c"
../src/testperiph.c: In function 'pwm':
../src/testperiph.c:225:5: warning: variable 'DutyCycle' set but not used [-Wunused-but-set-variable]
  u8 DutyCycle;
     ^~~~~~~~~
'Finished building: ../src/testperiph.c'
' '
'Building target: SW.elf'
'Invoking: MicroBlaze gcc linker'
mb-gcc -Wl,-T -Wl,../src/lscript.ld -L../../SW_bsp/microblaze_0/lib -mlittle-endian -mcpu=v11.0 -mxl-soft-mul -Wl,--no-relax -Wl,--gc-sections -o "SW.elf"  ./src/testperiph.o ./src/xgpio_tapp_example.o ./src/xintc_tapp_example.o ./src/xtmrctr_intr_example.o ./src/xtmrctr_selftest_example.o   -Wl,--start-group,-lxil,-lgcc,-lc,--end-group
'Finished building target: SW.elf'
' '
'Invoking: MicroBlaze Print Size'
mb-size SW.elf  |tee "SW.elf.size"
   text	   data	    bss	    dec	    hex	filename
  20172	    412	   2096	  22680	   5898	SW.elf
'Finished building: SW.elf.size'
' '
13:00:07 **** Incremental Build of configuration Debug for project SW ****
make all 
make: Nothing to be done for 'all'.
13:04:06 **** Incremental Build of configuration Debug for project SW ****
make all 
make: Nothing to be done for 'all'.
13:05:27 **** Incremental Build of configuration Debug for project SW ****
make all 
make: Nothing to be done for 'all'.
13:18:54 **** Incremental Build of configuration Debug for project SW ****
make all 
make: Nothing to be done for 'all'.
13:23:06 **** Incremental Build of configuration Debug for project SW ****
make all 
make: Nothing to be done for 'all'.
13:43:33 **** Incremental Build of configuration Debug for project SW ****
make all 
make: Nothing to be done for 'all'.
13:47:42 **** Incremental Build of configuration Debug for project SW ****
make all 
make: Nothing to be done for 'all'.
13:51:44 **** Auto Build of configuration Debug for project SW ****
make all 
'Building file: ../src/testperiph.c'
'Invoking: MicroBlaze gcc compiler'
mb-gcc -Wall -O0 -g3 -c -fmessage-length=0 -MT"src/testperiph.o" -I../../SW_bsp/microblaze_0/include -mlittle-endian -mcpu=v11.0 -mxl-soft-mul -Wl,--no-relax -ffunction-sections -fdata-sections -MMD -MP -MF"src/testperiph.d" -MT"src/testperiph.o" -o "src/testperiph.o" "../src/testperiph.c"
../src/testperiph.c: In function 'pwm':
../src/testperiph.c:225:5: warning: variable 'DutyCycle' set but not used [-Wunused-but-set-variable]
  u8 DutyCycle;
     ^~~~~~~~~
'Finished building: ../src/testperiph.c'
' '
'Building target: SW.elf'
'Invoking: MicroBlaze gcc linker'
mb-gcc -Wl,-T -Wl,../src/lscript.ld -L../../SW_bsp/microblaze_0/lib -mlittle-endian -mcpu=v11.0 -mxl-soft-mul -Wl,--no-relax -Wl,--gc-sections -o "SW.elf"  ./src/testperiph.o ./src/xgpio_tapp_example.o ./src/xintc_tapp_example.o ./src/xtmrctr_intr_example.o ./src/xtmrctr_selftest_example.o   -Wl,--start-group,-lxil,-lgcc,-lc,--end-group
'Finished building target: SW.elf'
' '
'Invoking: MicroBlaze Print Size'
mb-size SW.elf  |tee "SW.elf.size"
   text	   data	    bss	    dec	    hex	filename
  20116	    412	   2096	  22624	   5860	SW.elf
'Finished building: SW.elf.size'
' '
13:51:59 **** Incremental Build of configuration Debug for project SW ****
make all 
make: Nothing to be done for 'all'.
13:56:27 **** Incremental Build of configuration Debug for project SW ****
make all 
make: Nothing to be done for 'all'.
